Archive member included to satisfy reference by file (symbol)

/Applications/eclipse/GCC tools/gcc-arm-none-eabi-6-2017-q2-update/bin/../lib/gcc/arm-none-eabi/6.3.1/../../../../arm-none-eabi/lib/thumb/v7e-m/fpv4-sp/hard/libm.a(lib_a-w_exp.o)
                              ./src/ADSR.o (exp)
/Applications/eclipse/GCC tools/gcc-arm-none-eabi-6-2017-q2-update/bin/../lib/gcc/arm-none-eabi/6.3.1/../../../../arm-none-eabi/lib/thumb/v7e-m/fpv4-sp/hard/libm.a(lib_a-w_log.o)
                              ./src/ADSR.o (log)
/Applications/eclipse/GCC tools/gcc-arm-none-eabi-6-2017-q2-update/bin/../lib/gcc/arm-none-eabi/6.3.1/../../../../arm-none-eabi/lib/thumb/v7e-m/fpv4-sp/hard/libm.a(lib_a-e_exp.o)
                              /Applications/eclipse/GCC tools/gcc-arm-none-eabi-6-2017-q2-update/bin/../lib/gcc/arm-none-eabi/6.3.1/../../../../arm-none-eabi/lib/thumb/v7e-m/fpv4-sp/hard/libm.a(lib_a-w_exp.o) (__ieee754_exp)
/Applications/eclipse/GCC tools/gcc-arm-none-eabi-6-2017-q2-update/bin/../lib/gcc/arm-none-eabi/6.3.1/../../../../arm-none-eabi/lib/thumb/v7e-m/fpv4-sp/hard/libm.a(lib_a-e_log.o)
                              /Applications/eclipse/GCC tools/gcc-arm-none-eabi-6-2017-q2-update/bin/../lib/gcc/arm-none-eabi/6.3.1/../../../../arm-none-eabi/lib/thumb/v7e-m/fpv4-sp/hard/libm.a(lib_a-w_log.o) (__ieee754_log)
/Applications/eclipse/GCC tools/gcc-arm-none-eabi-6-2017-q2-update/bin/../lib/gcc/arm-none-eabi/6.3.1/../../../../arm-none-eabi/lib/thumb/v7e-m/fpv4-sp/hard/libm.a(lib_a-s_finite.o)
                              /Applications/eclipse/GCC tools/gcc-arm-none-eabi-6-2017-q2-update/bin/../lib/gcc/arm-none-eabi/6.3.1/../../../../arm-none-eabi/lib/thumb/v7e-m/fpv4-sp/hard/libm.a(lib_a-w_exp.o) (finite)
/Applications/eclipse/GCC tools/gcc-arm-none-eabi-6-2017-q2-update/bin/../lib/gcc/arm-none-eabi/6.3.1/../../../../arm-none-eabi/lib/thumb/v7e-m/fpv4-sp/hard/libm.a(lib_a-s_lib_ver.o)
                              /Applications/eclipse/GCC tools/gcc-arm-none-eabi-6-2017-q2-update/bin/../lib/gcc/arm-none-eabi/6.3.1/../../../../arm-none-eabi/lib/thumb/v7e-m/fpv4-sp/hard/libm.a(lib_a-w_exp.o) (__fdlib_version)
/Applications/eclipse/GCC tools/gcc-arm-none-eabi-6-2017-q2-update/bin/../lib/gcc/arm-none-eabi/6.3.1/../../../../arm-none-eabi/lib/thumb/v7e-m/fpv4-sp/hard/libm.a(lib_a-s_matherr.o)
                              /Applications/eclipse/GCC tools/gcc-arm-none-eabi-6-2017-q2-update/bin/../lib/gcc/arm-none-eabi/6.3.1/../../../../arm-none-eabi/lib/thumb/v7e-m/fpv4-sp/hard/libm.a(lib_a-w_exp.o) (matherr)
/Applications/eclipse/GCC tools/gcc-arm-none-eabi-6-2017-q2-update/bin/../lib/gcc/arm-none-eabi/6.3.1/../../../../arm-none-eabi/lib/thumb/v7e-m/fpv4-sp/hard/libm.a(lib_a-s_nan.o)
                              /Applications/eclipse/GCC tools/gcc-arm-none-eabi-6-2017-q2-update/bin/../lib/gcc/arm-none-eabi/6.3.1/../../../../arm-none-eabi/lib/thumb/v7e-m/fpv4-sp/hard/libm.a(lib_a-w_log.o) (nan)
/Applications/eclipse/GCC tools/gcc-arm-none-eabi-6-2017-q2-update/bin/../lib/gcc/arm-none-eabi/6.3.1/thumb/v7e-m/fpv4-sp/hard/libgcc.a(_arm_addsubdf3.o)
                              ./src/ADSR.o (__aeabi_dsub)
/Applications/eclipse/GCC tools/gcc-arm-none-eabi-6-2017-q2-update/bin/../lib/gcc/arm-none-eabi/6.3.1/thumb/v7e-m/fpv4-sp/hard/libgcc.a(_arm_muldivdf3.o)
                              ./src/ADSR.o (__aeabi_dmul)
/Applications/eclipse/GCC tools/gcc-arm-none-eabi-6-2017-q2-update/bin/../lib/gcc/arm-none-eabi/6.3.1/thumb/v7e-m/fpv4-sp/hard/libgcc.a(_arm_cmpdf2.o)
                              /Applications/eclipse/GCC tools/gcc-arm-none-eabi-6-2017-q2-update/bin/../lib/gcc/arm-none-eabi/6.3.1/../../../../arm-none-eabi/lib/thumb/v7e-m/fpv4-sp/hard/libm.a(lib_a-w_log.o) (__aeabi_dcmpeq)
/Applications/eclipse/GCC tools/gcc-arm-none-eabi-6-2017-q2-update/bin/../lib/gcc/arm-none-eabi/6.3.1/thumb/v7e-m/fpv4-sp/hard/libgcc.a(_arm_unorddf2.o)
                              /Applications/eclipse/GCC tools/gcc-arm-none-eabi-6-2017-q2-update/bin/../lib/gcc/arm-none-eabi/6.3.1/../../../../arm-none-eabi/lib/thumb/v7e-m/fpv4-sp/hard/libm.a(lib_a-w_log.o) (__aeabi_dcmpun)
/Applications/eclipse/GCC tools/gcc-arm-none-eabi-6-2017-q2-update/bin/../lib/gcc/arm-none-eabi/6.3.1/thumb/v7e-m/fpv4-sp/hard/libgcc.a(_arm_fixdfsi.o)
                              /Applications/eclipse/GCC tools/gcc-arm-none-eabi-6-2017-q2-update/bin/../lib/gcc/arm-none-eabi/6.3.1/../../../../arm-none-eabi/lib/thumb/v7e-m/fpv4-sp/hard/libm.a(lib_a-e_exp.o) (__aeabi_d2iz)
/Applications/eclipse/GCC tools/gcc-arm-none-eabi-6-2017-q2-update/bin/../lib/gcc/arm-none-eabi/6.3.1/thumb/v7e-m/fpv4-sp/hard/libgcc.a(_arm_truncdfsf2.o)
                              ./src/ADSR.o (__aeabi_d2f)
/Applications/eclipse/GCC tools/gcc-arm-none-eabi-6-2017-q2-update/bin/../lib/gcc/arm-none-eabi/6.3.1/../../../../arm-none-eabi/lib/thumb/v7e-m/fpv4-sp/hard/libg_nano.a(lib_a-errno.o)
                              ./system/src/newlib/_sbrk.o (__errno)
[...]
Memory Configuration

Name             Origin             Length             Attributes
RAM              0x0000000020000000 0x0000000000020000 xrw
CCMRAM           0x0000000010000000 0x0000000000010000 xrw
FLASH            0x0000000008000000 0x0000000000080000 xr
FLASHB1          0x0000000000000000 0x0000000000000000 xr
EXTMEMB0         0x0000000000000000 0x0000000000000000 xr
EXTMEMB1         0x0000000000000000 0x0000000000000000 xr
EXTMEMB2         0x0000000000000000 0x0000000000000000 xr
EXTMEMB3         0x0000000000000000 0x0000000000000000 xr
MEMORY_ARRAY     0x0000000020002000 0x0000000000000020 xrw
*default*        0x0000000000000000 0xffffffffffffffff

Linker script and memory map

LOAD ./system/src/stm32f4-hal/stm32f4xx_hal.o
LOAD ./system/src/stm32f4-hal/stm32f4xx_hal_adc.o
LOAD ./system/src/stm32f4-hal/stm32f4xx_hal_adc_ex.o
LOAD ./system/src/stm32f4-hal/stm32f4xx_hal_cortex.o
LOAD ./system/src/stm32f4-hal/stm32f4xx_hal_dac.o
LOAD ./system/src/stm32f4-hal/stm32f4xx_hal_dac_ex.o
LOAD ./system/src/stm32f4-hal/stm32f4xx_hal_dma.o
LOAD ./system/src/stm32f4-hal/stm32f4xx_hal_flash.o
LOAD ./system/src/stm32f4-hal/stm32f4xx_hal_gpio.o
LOAD ./system/src/stm32f4-hal/stm32f4xx_hal_i2c.o
LOAD ./system/src/stm32f4-hal/stm32f4xx_hal_i2s.o
LOAD ./system/src/stm32f4-hal/stm32f4xx_hal_i2s_ex.o
LOAD ./system/src/stm32f4-hal/stm32f4xx_hal_iwdg.o
LOAD ./system/src/stm32f4-hal/stm32f4xx_hal_pwr.o
LOAD ./system/src/stm32f4-hal/stm32f4xx_hal_rcc.o
LOAD ./system/src/stm32f4-hal/stm32f4xx_hal_rcc_ex.o
LOAD ./system/src/stm32f4-hal/stm32f4xx_hal_tim.o
LOAD ./system/src/stm32f4-hal/stm32f4xx_hal_tim_ex.o
LOAD ./system/src/newlib/_cxx.o
LOAD ./system/src/newlib/_exit.o
LOAD ./system/src/newlib/_sbrk.o
LOAD ./system/src/newlib/_startup.o
LOAD ./system/src/newlib/_syscalls.o
LOAD ./system/src/newlib/assert.o
LOAD ./system/src/diag/Trace.o
LOAD ./system/src/diag/trace_impl.o
LOAD ./system/src/cortexm/_initialize_hardware.o
LOAD ./system/src/cortexm/_reset_hardware.o
LOAD ./system/src/cortexm/exception_handlers.o
LOAD ./system/src/CMSIS/system_stm32f4xx.o
LOAD ./system/src/CMSIS/vectors_stm32f407xx.o
LOAD ./src/boardComponents/cs43l22.o
LOAD ./src/boardComponents/lis302dl.o
LOAD ./src/boardComponents/lis3dsh.o
LOAD ./src/BSP/stm32f4_discovery.o
LOAD ./src/BSP/stm32f4_discovery_accelerometer.o
LOAD ./src/BSP/stm32f4_discovery_audio.o
LOAD ./src/ADSR.o
LOAD ./src/Timer.o
LOAD ./src/_initialize_hardware.o
LOAD ./src/_write.o
LOAD ./src/main.o
LOAD ./src/stm32f4xx_hal_msp.o
LOAD /Applications/eclipse/GCC tools/gcc-arm-none-eabi-6-2017-q2-update/bin/../lib/gcc/arm-none-eabi/6.3.1/../../../../arm-none-eabi/lib/thumb/v7e-m/fpv4-sp/hard/libstdc++_nano.a
LOAD /Applications/eclipse/GCC tools/gcc-arm-none-eabi-6-2017-q2-update/bin/../lib/gcc/arm-none-eabi/6.3.1/../../../../arm-none-eabi/lib/thumb/v7e-m/fpv4-sp/hard/libm.a
START GROUP
LOAD /Applications/eclipse/GCC tools/gcc-arm-none-eabi-6-2017-q2-update/bin/../lib/gcc/arm-none-eabi/6.3.1/thumb/v7e-m/fpv4-sp/hard/libgcc.a
LOAD /Applications/eclipse/GCC tools/gcc-arm-none-eabi-6-2017-q2-update/bin/../lib/gcc/arm-none-eabi/6.3.1/../../../../arm-none-eabi/lib/thumb/v7e-m/fpv4-sp/hard/libg_nano.a
LOAD /Applications/eclipse/GCC tools/gcc-arm-none-eabi-6-2017-q2-update/bin/../lib/gcc/arm-none-eabi/6.3.1/../../../../arm-none-eabi/lib/thumb/v7e-m/fpv4-sp/hard/libc_nano.a
END GROUP
START GROUP
LOAD /Applications/eclipse/GCC tools/gcc-arm-none-eabi-6-2017-q2-update/bin/../lib/gcc/arm-none-eabi/6.3.1/thumb/v7e-m/fpv4-sp/hard/libgcc.a
LOAD /Applications/eclipse/GCC tools/gcc-arm-none-eabi-6-2017-q2-update/bin/../lib/gcc/arm-none-eabi/6.3.1/../../../../arm-none-eabi/lib/thumb/v7e-m/fpv4-sp/hard/libc_nano.a
END GROUP
                0x0000000020020000                __stack = (ORIGIN (RAM) + LENGTH (RAM))
                0x0000000020020000                _estack = __stack
                0x0000000000000400                __Main_Stack_Size = 0x400
                [!provide]                        PROVIDE (_Main_Stack_Size, __Main_Stack_Size)
                0x000000002001fc00                __Main_Stack_Limit = (__stack - __Main_Stack_Size)
                [!provide]                        PROVIDE (_Main_Stack_Limit, __Main_Stack_Limit)
                0x0000000000000100                _Minimum_Stack_Size = 0x100
                0x0000000020016824                PROVIDE (_Heap_Begin, _end_noinit)
                0x000000002001fc00                PROVIDE (_Heap_Limit, (__stack - __Main_Stack_Size))

.isr_vector     0x0000000008000000      0x3c0
 FILL mask 0xff
                0x0000000008000000                __vectors_start = ABSOLUTE (.)
                0x0000000008000000                __vectors_start__ = ABSOLUTE (.)
 *(.isr_vector)
 .isr_vector    0x0000000008000000      0x188 ./system/src/CMSIS/vectors_stm32f407xx.o
                0x0000000008000000                __isr_vectors
 *(.cfmconfig)
 *(.after_vectors .after_vectors.*)
 .after_vectors
                0x0000000008000188      0x130 ./system/src/newlib/_startup.o
                0x0000000008000188                _start
 .after_vectors
                0x00000000080002b8      0x104 ./system/src/cortexm/exception_handlers.o
                0x00000000080002b8                Reset_Handler
                0x00000000080002be                NMI_Handler
                0x00000000080002c2                HardFault_Handler
                0x00000000080002d6                HardFault_Handler_C
                0x000000000800030c                MemManage_Handler
                0x0000000008000310                BusFault_Handler
                0x0000000008000324                BusFault_Handler_C
                0x0000000008000358                UsageFault_Handler
                0x000000000800036c                UsageFault_Handler_C
                0x00000000080003a0                SVC_Handler
                0x00000000080003a4                DebugMon_Handler
                0x00000000080003a8                PendSV_Handler
 .after_vectors
                0x00000000080003bc        0x4 ./system/src/CMSIS/vectors_stm32f407xx.o
                0x00000000080003bc                DMA2_Stream6_IRQHandler
                0x00000000080003bc                HASH_RNG_IRQHandler
                0x00000000080003bc                TIM8_CC_IRQHandler
                0x00000000080003bc                TIM1_CC_IRQHandler
                0x00000000080003bc                DMA2_Stream5_IRQHandler
                0x00000000080003bc                PVD_IRQHandler
                0x00000000080003bc                SDIO_IRQHandler
                0x00000000080003bc                TAMP_STAMP_IRQHandler
                0x00000000080003bc                CAN2_RX1_IRQHandler
                0x00000000080003bc                TIM8_TRG_COM_TIM14_IRQHandler
                0x00000000080003bc                TIM1_UP_TIM10_IRQHandler
                0x00000000080003bc                TIM8_UP_TIM13_IRQHandler
                0x00000000080003bc                I2C3_ER_IRQHandler
                0x00000000080003bc                I2C2_EV_IRQHandler
                0x00000000080003bc                DMA1_Stream2_IRQHandler
                0x00000000080003bc                CAN1_RX0_IRQHandler
                0x00000000080003bc                FPU_IRQHandler
                0x00000000080003bc                OTG_HS_WKUP_IRQHandler
                0x00000000080003bc                CAN2_SCE_IRQHandler
                0x00000000080003bc                DMA2_Stream2_IRQHandler
                0x00000000080003bc                SPI1_IRQHandler
                0x00000000080003bc                TIM6_DAC_IRQHandler
                0x00000000080003bc                TIM1_BRK_TIM9_IRQHandler
                0x00000000080003bc                DCMI_IRQHandler
                0x00000000080003bc                CAN2_RX0_IRQHandler
                0x00000000080003bc                DMA2_Stream3_IRQHandler
                0x00000000080003bc                USART6_IRQHandler
                0x00000000080003bc                USART3_IRQHandler
                0x00000000080003bc                CAN1_RX1_IRQHandler
                0x00000000080003bc                UART5_IRQHandler
                0x00000000080003bc                TIM4_IRQHandler
                0x00000000080003bc                I2C1_EV_IRQHandler
                0x00000000080003bc                DMA1_Stream6_IRQHandler
                0x00000000080003bc                DMA1_Stream1_IRQHandler
                0x00000000080003bc                UART4_IRQHandler
                0x00000000080003bc                RCC_IRQHandler
                0x00000000080003bc                TIM8_BRK_TIM12_IRQHandler
                0x00000000080003bc                Default_Handler
                0x00000000080003bc                EXTI15_10_IRQHandler
                0x00000000080003bc                ADC_IRQHandler
                0x00000000080003bc                TIM7_IRQHandler
                0x00000000080003bc                CAN2_TX_IRQHandler
                0x00000000080003bc                TIM5_IRQHandler
                0x00000000080003bc                DMA2_Stream7_IRQHandler
                0x00000000080003bc                I2C3_EV_IRQHandler
                0x00000000080003bc                EXTI9_5_IRQHandler
                0x00000000080003bc                RTC_WKUP_IRQHandler
                0x00000000080003bc                ETH_WKUP_IRQHandler
                0x00000000080003bc                SPI2_IRQHandler
                0x00000000080003bc                OTG_HS_EP1_IN_IRQHandler
                0x00000000080003bc                DMA1_Stream0_IRQHandler
                0x00000000080003bc                CAN1_TX_IRQHandler
                0x00000000080003bc                EXTI4_IRQHandler
                0x00000000080003bc                ETH_IRQHandler
                0x00000000080003bc                OTG_HS_EP1_OUT_IRQHandler
                0x00000000080003bc                WWDG_IRQHandler
                0x00000000080003bc                TIM2_IRQHandler
                0x00000000080003bc                OTG_FS_WKUP_IRQHandler
                0x00000000080003bc                TIM1_TRG_COM_TIM11_IRQHandler
                0x00000000080003bc                OTG_HS_IRQHandler
                0x00000000080003bc                USART2_IRQHandler
                0x00000000080003bc                I2C2_ER_IRQHandler
                0x00000000080003bc                DMA2_Stream1_IRQHandler
                0x00000000080003bc                CAN1_SCE_IRQHandler
                0x00000000080003bc                FLASH_IRQHandler
                0x00000000080003bc                DMA2_Stream4_IRQHandler
                0x00000000080003bc                USART1_IRQHandler
                0x00000000080003bc                OTG_FS_IRQHandler
                0x00000000080003bc                SPI3_IRQHandler
                0x00000000080003bc                DMA1_Stream4_IRQHandler
                0x00000000080003bc                I2C1_ER_IRQHandler
                0x00000000080003bc                FMC_IRQHandler
                0x00000000080003bc                RTC_Alarm_IRQHandler

.inits          0x00000000080003c0       0x28
                0x00000000080003c0                __data_regions_array_start = .
                0x00000000080003c0        0x4 LONG 0x80056a8 LOADADDR (.data)
                0x00000000080003c4        0x4 LONG 0x20000000 ADDR (.data)
                0x00000000080003c8        0x4 LONG 0x2000c0b0 (ADDR (.data) + SIZEOF (.data))
                0x00000000080003cc        0x4 LONG 0x80056a8 LOADADDR (.data_CCMRAM)
                0x00000000080003d0        0x4 LONG 0x10000000 ADDR (.data_CCMRAM)
                0x00000000080003d4        0x4 LONG 0x10000000 (ADDR (.data_CCMRAM) + SIZEOF (.data_CCMRAM))
                0x00000000080003d8                __data_regions_array_end = .
                0x00000000080003d8                __bss_regions_array_start = .
                0x00000000080003d8        0x4 LONG 0x2000c0b0 ADDR (.bss)
                0x00000000080003dc        0x4 LONG 0x20016824 (ADDR (.bss) + SIZEOF (.bss))
                0x00000000080003e0        0x4 LONG 0x10000000 ADDR (.bss_CCMRAM)
                0x00000000080003e4        0x4 LONG 0x10000000 (ADDR (.bss_CCMRAM) + SIZEOF (.bss_CCMRAM))
                0x00000000080003e8                __bss_regions_array_end = .
 *(.init)
 *(.fini)
                0x00000000080003e8                . = ALIGN (0x4)
                0x00000000080003e8                PROVIDE (__preinit_array_start, .)
 *(.preinit_array_sysinit .preinit_array_sysinit.*)
 *(.preinit_array_platform .preinit_array_platform.*)
 *(.preinit_array .preinit_array.*)
                0x00000000080003e8                PROVIDE (__preinit_array_end, .)
                0x00000000080003e8                . = ALIGN (0x4)
                0x00000000080003e8                PROVIDE (__init_array_start, .)
 *(SORT(.init_array.*))
 *(.init_array)
                0x00000000080003e8                PROVIDE (__init_array_end, .)
                0x00000000080003e8                . = ALIGN (0x4)
                0x00000000080003e8                PROVIDE (__fini_array_start, .)
 *(SORT(.fini_array.*))
 *(.fini_array)
                0x00000000080003e8                PROVIDE (__fini_array_end, .)

.flashtext
 *(.flashtext .flashtext.*)

.text           0x00000000080003f0     0x52b7
 *(.text .text.*)
 .text.HAL_InitTick
                0x00000000080003f0       0x28 ./system/src/stm32f4-hal/stm32f4xx_hal.o
                0x00000000080003f0                HAL_InitTick
 .text.HAL_Init
                0x0000000008000418       0x34 ./system/src/stm32f4-hal/stm32f4xx_hal.o
                0x0000000008000418                HAL_Init
 .text.HAL_IncTick
                0x000000000800044c       0x10 ./system/src/stm32f4-hal/stm32f4xx_hal.o
                0x000000000800044c                HAL_IncTick
 .text.HAL_GetTick
                0x000000000800045c        0xc ./system/src/stm32f4-hal/stm32f4xx_hal.o
                0x000000000800045c                HAL_GetTick
 .text.HAL_Delay
                0x0000000008000468       0x1c ./system/src/stm32f4-hal/stm32f4xx_hal.o
                0x0000000008000468                HAL_Delay
 .text.ADC_Init
                0x0000000008000484      0x158 ./system/src/stm32f4-hal/stm32f4xx_hal_adc.o
 .text.HAL_ADC_Init
                0x00000000080005dc      0x1d8 ./system/src/stm32f4-hal/stm32f4xx_hal_adc.o
                0x00000000080005dc                HAL_ADC_Init
 .text.HAL_ADC_Start_DMA
                0x00000000080007b4      0x178 ./system/src/stm32f4-hal/stm32f4xx_hal_adc.o
                0x00000000080007b4                HAL_ADC_Start_DMA
 .text.ADC_DMAConvCplt
                0x000000000800092c       0x62 ./system/src/stm32f4-hal/stm32f4xx_hal_adc.o
 .text.HAL_ADC_ConvHalfCpltCallback
                0x000000000800098e        0x2 ./system/src/stm32f4-hal/stm32f4xx_hal_adc.o
                0x000000000800098e                HAL_ADC_ConvHalfCpltCallback
 .text.ADC_DMAHalfConvCplt
                0x0000000008000990        0xa ./system/src/stm32f4-hal/stm32f4xx_hal_adc.o
 .text.HAL_ADC_ErrorCallback
                0x000000000800099a        0x2 ./system/src/stm32f4-hal/stm32f4xx_hal_adc.o
                0x000000000800099a                HAL_ADC_ErrorCallback
 .text.ADC_DMAError
                0x000000000800099c       0x16 ./system/src/stm32f4-hal/stm32f4xx_hal_adc.o
 *fill*         0x00000000080009b2        0x2 
 .text.HAL_ADC_ConfigChannel
                0x00000000080009b4      0x1cc ./system/src/stm32f4-hal/stm32f4xx_hal_adc.o
                0x00000000080009b4                HAL_ADC_ConfigChannel
 .text.HAL_NVIC_SetPriorityGrouping
                0x0000000008000b80       0x3c ./system/src/stm32f4-hal/stm32f4xx_hal_cortex.o
                0x0000000008000b80                HAL_NVIC_SetPriorityGrouping
 .text.HAL_NVIC_SetPriority
                0x0000000008000bbc       0x88 ./system/src/stm32f4-hal/stm32f4xx_hal_cortex.o
                0x0000000008000bbc                HAL_NVIC_SetPriority
 .text.HAL_NVIC_EnableIRQ
                0x0000000008000c44       0x2c ./system/src/stm32f4-hal/stm32f4xx_hal_cortex.o
                0x0000000008000c44                HAL_NVIC_EnableIRQ
 .text.HAL_SYSTICK_Config
                0x0000000008000c70       0x2c ./system/src/stm32f4-hal/stm32f4xx_hal_cortex.o
                0x0000000008000c70                HAL_SYSTICK_Config
 .text.HAL_SYSTICK_CLKSourceConfig
                0x0000000008000c9c       0x3c ./system/src/stm32f4-hal/stm32f4xx_hal_cortex.o
                0x0000000008000c9c                HAL_SYSTICK_CLKSourceConfig
 .text.DMA_SetConfig
                0x0000000008000cd8       0x2c ./system/src/stm32f4-hal/stm32f4xx_hal_dma.o
 .text.DMA_CalcBaseAndBitshift
                0x0000000008000d04       0x3c ./system/src/stm32f4-hal/stm32f4xx_hal_dma.o
 .text.HAL_DMA_Init
                0x0000000008000d40      0x230 ./system/src/stm32f4-hal/stm32f4xx_hal_dma.o
                0x0000000008000d40                HAL_DMA_Init
 .text.HAL_DMA_DeInit
                0x0000000008000f70       0x58 ./system/src/stm32f4-hal/stm32f4xx_hal_dma.o
                0x0000000008000f70                HAL_DMA_DeInit
 .text.HAL_DMA_Start_IT
                0x0000000008000fc8       0x74 ./system/src/stm32f4-hal/stm32f4xx_hal_dma.o
                0x0000000008000fc8                HAL_DMA_Start_IT
 .text.HAL_DMA_IRQHandler
                0x000000000800103c      0x1b4 ./system/src/stm32f4-hal/stm32f4xx_hal_dma.o
                0x000000000800103c                HAL_DMA_IRQHandler
 .text.HAL_GPIO_Init
                0x00000000080011f0      0x2fc ./system/src/stm32f4-hal/stm32f4xx_hal_gpio.o
                0x00000000080011f0                HAL_GPIO_Init
 .text.HAL_GPIO_ReadPin
                0x00000000080014ec       0x28 ./system/src/stm32f4-hal/stm32f4xx_hal_gpio.o
                0x00000000080014ec                HAL_GPIO_ReadPin
 .text.HAL_GPIO_WritePin
                0x0000000008001514       0x34 ./system/src/stm32f4-hal/stm32f4xx_hal_gpio.o
                0x0000000008001514                HAL_GPIO_WritePin
 .text.HAL_GPIO_EXTI_IRQHandler
                0x0000000008001548       0x1c ./system/src/stm32f4-hal/stm32f4xx_hal_gpio.o
                0x0000000008001548                HAL_GPIO_EXTI_IRQHandler
 .text.I2C_IsAcknowledgeFailed
                0x0000000008001564       0x2a ./system/src/stm32f4-hal/stm32f4xx_hal_i2c.o
 .text.I2C_WaitOnFlagUntilTimeout
                0x000000000800158e       0xca ./system/src/stm32f4-hal/stm32f4xx_hal_i2c.o
 .text.I2C_WaitOnMasterAddressFlagUntilTimeout
                0x0000000008001658       0x94 ./system/src/stm32f4-hal/stm32f4xx_hal_i2c.o
 .text.I2C_WaitOnTXEFlagUntilTimeout
                0x00000000080016ec       0x52 ./system/src/stm32f4-hal/stm32f4xx_hal_i2c.o
 *fill*         0x000000000800173e        0x2 
 .text.I2C_RequestMemoryWrite
                0x0000000008001740       0xc4 ./system/src/stm32f4-hal/stm32f4xx_hal_i2c.o
 .text.I2C_RequestMemoryRead
                0x0000000008001804      0x130 ./system/src/stm32f4-hal/stm32f4xx_hal_i2c.o
 .text.I2C_WaitOnRXNEFlagUntilTimeout
                0x0000000008001934       0x60 ./system/src/stm32f4-hal/stm32f4xx_hal_i2c.o
 .text.HAL_I2C_MspInit
                0x0000000008001994        0x2 ./system/src/stm32f4-hal/stm32f4xx_hal_i2c.o
                0x0000000008001994                HAL_I2C_MspInit
 *fill*         0x0000000008001996        0x2 
 .text.HAL_I2C_Init
                0x0000000008001998      0x1f0 ./system/src/stm32f4-hal/stm32f4xx_hal_i2c.o
                0x0000000008001998                HAL_I2C_Init
 .text.HAL_I2C_MspDeInit
                0x0000000008001b88        0x2 ./system/src/stm32f4-hal/stm32f4xx_hal_i2c.o
                0x0000000008001b88                HAL_I2C_MspDeInit
 *fill*         0x0000000008001b8a        0x2 
 .text.HAL_I2C_DeInit
                0x0000000008001b8c       0x60 ./system/src/stm32f4-hal/stm32f4xx_hal_i2c.o
                0x0000000008001b8c                HAL_I2C_DeInit
 .text.HAL_I2C_Mem_Write
                0x0000000008001bec      0x148 ./system/src/stm32f4-hal/stm32f4xx_hal_i2c.o
                0x0000000008001bec                HAL_I2C_Mem_Write
 .text.HAL_I2C_Mem_Read
                0x0000000008001d34      0x264 ./system/src/stm32f4-hal/stm32f4xx_hal_i2c.o
                0x0000000008001d34                HAL_I2C_Mem_Read
 .text.HAL_I2C_GetState
                0x0000000008001f98        0x6 ./system/src/stm32f4-hal/stm32f4xx_hal_i2c.o
                0x0000000008001f98                HAL_I2C_GetState
 .text.HAL_I2S_MspInit
                0x0000000008001f9e        0x2 ./system/src/stm32f4-hal/stm32f4xx_hal_i2s.o
                0x0000000008001f9e                HAL_I2S_MspInit
 .text.HAL_I2S_Transmit_DMA
                0x0000000008001fa0       0xbc ./system/src/stm32f4-hal/stm32f4xx_hal_i2s.o
                0x0000000008001fa0                HAL_I2S_Transmit_DMA
 .text.I2S_DMATxHalfCplt
                0x000000000800205c        0xa ./system/src/stm32f4-hal/stm32f4xx_hal_i2s.o
                0x000000000800205c                I2S_DMATxHalfCplt
 .text.I2S_DMAError
                0x0000000008002066       0x1e ./system/src/stm32f4-hal/stm32f4xx_hal_i2s.o
                0x0000000008002066                I2S_DMAError
 .text.HAL_I2S_GetState
                0x0000000008002084        0x6 ./system/src/stm32f4-hal/stm32f4xx_hal_i2s.o
                0x0000000008002084                HAL_I2S_GetState
 *fill*         0x000000000800208a        0x2 
 .text.I2S_DMATxCplt
                0x000000000800208c       0x88 ./system/src/stm32f4-hal/stm32f4xx_hal_i2s_ex.o
                0x000000000800208c                I2S_DMATxCplt
 .text.I2S_GetInputClock
                0x0000000008002114       0x68 ./system/src/stm32f4-hal/stm32f4xx_hal_i2s_ex.o
                0x0000000008002114                I2S_GetInputClock
 .text.HAL_I2S_Init
                0x000000000800217c      0x21c ./system/src/stm32f4-hal/stm32f4xx_hal_i2s_ex.o
                0x000000000800217c                HAL_I2S_Init
 .text.HAL_RCC_OscConfig
                0x0000000008002398      0x42c ./system/src/stm32f4-hal/stm32f4xx_hal_rcc.o
                0x0000000008002398                HAL_RCC_OscConfig
 .text.HAL_RCC_ClockConfig
                0x00000000080027c4      0x220 ./system/src/stm32f4-hal/stm32f4xx_hal_rcc.o
                0x00000000080027c4                HAL_RCC_ClockConfig
 .text.HAL_RCC_GetSysClockFreq
                0x00000000080029e4       0x94 ./system/src/stm32f4-hal/stm32f4xx_hal_rcc.o
                0x00000000080029e4                HAL_RCC_GetSysClockFreq
 .text.HAL_RCC_GetHCLKFreq
                0x0000000008002a78       0x34 ./system/src/stm32f4-hal/stm32f4xx_hal_rcc.o
                0x0000000008002a78                HAL_RCC_GetHCLKFreq
 .text.HAL_RCC_GetPCLK1Freq
                0x0000000008002aac       0x2c ./system/src/stm32f4-hal/stm32f4xx_hal_rcc.o
                0x0000000008002aac                HAL_RCC_GetPCLK1Freq
 .text.HAL_RCCEx_PeriphCLKConfig
                0x0000000008002ad8      0x1ac ./system/src/stm32f4-hal/stm32f4xx_hal_rcc_ex.o
                0x0000000008002ad8                HAL_RCCEx_PeriphCLKConfig
 .text.HAL_RCCEx_GetPeriphCLKConfig
                0x0000000008002c84       0x4c ./system/src/stm32f4-hal/stm32f4xx_hal_rcc_ex.o
                0x0000000008002c84                HAL_RCCEx_GetPeriphCLKConfig
 .text.HAL_TIM_Base_MspInit
                0x0000000008002cd0        0x2 ./system/src/stm32f4-hal/stm32f4xx_hal_tim.o
                0x0000000008002cd0                HAL_TIM_Base_MspInit
 *fill*         0x0000000008002cd2        0x2 
 .text.HAL_TIM_Base_Start_IT
                0x0000000008002cd4       0x9c ./system/src/stm32f4-hal/stm32f4xx_hal_tim.o
                0x0000000008002cd4                HAL_TIM_Base_Start_IT
 .text.HAL_TIM_OC_DelayElapsedCallback
                0x0000000008002d70        0x2 ./system/src/stm32f4-hal/stm32f4xx_hal_tim.o
                0x0000000008002d70                HAL_TIM_OC_DelayElapsedCallback
 .text.HAL_TIM_IC_CaptureCallback
                0x0000000008002d72        0x2 ./system/src/stm32f4-hal/stm32f4xx_hal_tim.o
                0x0000000008002d72                HAL_TIM_IC_CaptureCallback
 .text.HAL_TIM_PWM_PulseFinishedCallback
                0x0000000008002d74        0x2 ./system/src/stm32f4-hal/stm32f4xx_hal_tim.o
                0x0000000008002d74                HAL_TIM_PWM_PulseFinishedCallback
 .text.HAL_TIM_TriggerCallback
                0x0000000008002d76        0x2 ./system/src/stm32f4-hal/stm32f4xx_hal_tim.o
                0x0000000008002d76                HAL_TIM_TriggerCallback
 .text.HAL_TIM_IRQHandler
                0x0000000008002d78      0x17a ./system/src/stm32f4-hal/stm32f4xx_hal_tim.o
                0x0000000008002d78                HAL_TIM_IRQHandler
 *fill*         0x0000000008002ef2        0x2 
 .text.TIM_Base_SetConfig
                0x0000000008002ef4      0x11c ./system/src/stm32f4-hal/stm32f4xx_hal_tim.o
                0x0000000008002ef4                TIM_Base_SetConfig
 .text.HAL_TIM_Base_Init
                0x0000000008003010       0xe8 ./system/src/stm32f4-hal/stm32f4xx_hal_tim.o
                0x0000000008003010                HAL_TIM_Base_Init
 .text.HAL_TIMEx_CommutationCallback
                0x00000000080030f8        0x2 ./system/src/stm32f4-hal/stm32f4xx_hal_tim_ex.o
                0x00000000080030f8                HAL_TIMEx_CommutationCallback
 .text.HAL_TIMEx_BreakCallback
                0x00000000080030fa        0x2 ./system/src/stm32f4-hal/stm32f4xx_hal_tim_ex.o
                0x00000000080030fa                HAL_TIMEx_BreakCallback
 .text._exit    0x00000000080030fc        0x2 ./system/src/newlib/_exit.o
                0x00000000080030fc                _exit
 *fill*         0x00000000080030fe        0x2 
 .text.abort    0x0000000008003100       0x14 ./system/src/newlib/_exit.o
                0x0000000008003100                abort
 .text._sbrk    0x0000000008003114       0x44 ./system/src/newlib/_sbrk.o
                0x0000000008003114                _sbrk
 .text.__initialize_args
                0x0000000008003158       0x10 ./system/src/newlib/_syscalls.o
                0x0000000008003158                __initialize_args
 .text.assert_failed
                0x0000000008003168       0x14 ./system/src/newlib/assert.o
                0x0000000008003168                assert_failed
 .text.trace_printf
                0x000000000800317c       0x30 ./system/src/diag/Trace.o
                0x000000000800317c                trace_printf
 .text.trace_puts
                0x00000000080031ac       0x20 ./system/src/diag/Trace.o
                0x00000000080031ac                trace_puts
 .text._trace_write_itm
                0x00000000080031cc       0x70 ./system/src/diag/trace_impl.o
 .text.trace_write
                0x000000000800323c        0x8 ./system/src/diag/trace_impl.o
                0x000000000800323c                trace_write
 .text.__initialize_hardware_early
                0x0000000008003244       0x24 ./system/src/cortexm/_initialize_hardware.o
                0x0000000008003244                __initialize_hardware_early
 .text.dumpExceptionStack
                0x0000000008003268       0xf4 ./system/src/cortexm/exception_handlers.o
                0x0000000008003268                dumpExceptionStack
 .text.SystemInit
                0x000000000800335c       0x4c ./system/src/CMSIS/system_stm32f4xx.o
                0x000000000800335c                SystemInit
 .text.SystemCoreClockUpdate
                0x00000000080033a8       0xa0 ./system/src/CMSIS/system_stm32f4xx.o
                0x00000000080033a8                SystemCoreClockUpdate
 .text.cs43l22_SetFrequency
                0x0000000008003448        0x4 ./src/boardComponents/cs43l22.o
                0x0000000008003448                cs43l22_SetFrequency
 .text.cs43l22_Reset
                0x000000000800344c        0x4 ./src/boardComponents/cs43l22.o
                0x000000000800344c                cs43l22_Reset
 .text.CODEC_IO_Write
                0x0000000008003450        0xa ./src/boardComponents/cs43l22.o
 *fill*         0x000000000800345a        0x2 
 .text.cs43l22_SetVolume
                0x000000000800345c       0x64 ./src/boardComponents/cs43l22.o
                0x000000000800345c                cs43l22_SetVolume
 .text.cs43l22_Init
                0x00000000080034c0       0xf8 ./src/boardComponents/cs43l22.o
                0x00000000080034c0                cs43l22_Init
 .text.cs43l22_SetMute
                0x00000000080035b8       0x5c ./src/boardComponents/cs43l22.o
                0x00000000080035b8                cs43l22_SetMute
 .text.cs43l22_Play
                0x0000000008003614       0x40 ./src/boardComponents/cs43l22.o
                0x0000000008003614                cs43l22_Play
 .text.cs43l22_Pause
                0x0000000008003654       0x1a ./src/boardComponents/cs43l22.o
                0x0000000008003654                cs43l22_Pause
 *fill*         0x000000000800366e        0x2 
 .text.cs43l22_Resume
                0x0000000008003670       0x48 ./src/boardComponents/cs43l22.o
                0x0000000008003670                cs43l22_Resume
 .text.cs43l22_Stop
                0x00000000080036b8       0x34 ./src/boardComponents/cs43l22.o
                0x00000000080036b8                cs43l22_Stop
 .text.cs43l22_SetOutputMode
                0x00000000080036ec       0x70 ./src/boardComponents/cs43l22.o
                0x00000000080036ec                cs43l22_SetOutputMode
 .text.cs43l22_DeInit
                0x000000000800375c        0x8 ./src/boardComponents/cs43l22.o
                0x000000000800375c                cs43l22_DeInit
 .text.cs43l22_ReadID
                0x0000000008003764       0x16 ./src/boardComponents/cs43l22.o
                0x0000000008003764                cs43l22_ReadID
 *fill*         0x000000000800377a        0x2 
 .text.I2Cx_MspInit
                0x000000000800377c       0x88 ./src/BSP/stm32f4_discovery.o
 .text.I2Cx_Init
                0x0000000008003804       0x3c ./src/BSP/stm32f4_discovery.o
 .text.I2Cx_Error
                0x0000000008003840       0x14 ./src/BSP/stm32f4_discovery.o
 .text.I2Cx_WriteData
                0x0000000008003854       0x38 ./src/BSP/stm32f4_discovery.o
 .text.I2Cx_ReadData
                0x000000000800388c       0x40 ./src/BSP/stm32f4_discovery.o
 .text.AUDIO_IO_Init
                0x00000000080038cc       0x64 ./src/BSP/stm32f4_discovery.o
                0x00000000080038cc                AUDIO_IO_Init
 .text.AUDIO_IO_DeInit
                0x0000000008003930        0x2 ./src/BSP/stm32f4_discovery.o
                0x0000000008003930                AUDIO_IO_DeInit
 .text.AUDIO_IO_Write
                0x0000000008003932        0x8 ./src/BSP/stm32f4_discovery.o
                0x0000000008003932                AUDIO_IO_Write
 .text.AUDIO_IO_Read
                0x000000000800393a        0x8 ./src/BSP/stm32f4_discovery.o
                0x000000000800393a                AUDIO_IO_Read
 *fill*         0x0000000008003942        0x2 
 .text.I2S3_MspInit
                0x0000000008003944      0x124 ./src/BSP/stm32f4_discovery_audio.o
 .text.I2S3_Init
                0x0000000008003a68       0x44 ./src/BSP/stm32f4_discovery_audio.o
 .text.BSP_AUDIO_OUT_Init
                0x0000000008003aac       0xb8 ./src/BSP/stm32f4_discovery_audio.o
                0x0000000008003aac                BSP_AUDIO_OUT_Init
 .text.BSP_AUDIO_OUT_Play
                0x0000000008003b64       0x40 ./src/BSP/stm32f4_discovery_audio.o
                0x0000000008003b64                BSP_AUDIO_OUT_Play
 .text.BSP_AUDIO_OUT_ChangeBuffer
                0x0000000008003ba4       0x14 ./src/BSP/stm32f4_discovery_audio.o
                0x0000000008003ba4                BSP_AUDIO_OUT_ChangeBuffer
 .text.HAL_I2S_TxCpltCallback
                0x0000000008003bb8       0x18 ./src/BSP/stm32f4_discovery_audio.o
                0x0000000008003bb8                HAL_I2S_TxCpltCallback
 .text.HAL_I2S_TxHalfCpltCallback
                0x0000000008003bd0       0x18 ./src/BSP/stm32f4_discovery_audio.o
                0x0000000008003bd0                HAL_I2S_TxHalfCpltCallback
 .text.BSP_AUDIO_IN_Error_Callback
                0x0000000008003be8        0x2 ./src/BSP/stm32f4_discovery_audio.o
                0x0000000008003be8                BSP_AUDIO_IN_Error_Callback
 *fill*         0x0000000008003bea        0x2 
 .text.HAL_I2S_ErrorCallback
                0x0000000008003bec       0x2c ./src/BSP/stm32f4_discovery_audio.o
                0x0000000008003bec                HAL_I2S_ErrorCallback
 .text.timer_start
                0x0000000008003c18       0x3c ./src/Timer.o
                0x0000000008003c18                timer_start
 .text.timer_tick
                0x0000000008003c54       0x14 ./src/Timer.o
                0x0000000008003c54                timer_tick
 .text.SysTick_Handler
                0x0000000008003c68        0xc ./src/Timer.o
                0x0000000008003c68                SysTick_Handler
 .text.SystemClock_Config
                0x0000000008003c74       0x9c ./src/_initialize_hardware.o
                0x0000000008003c74                SystemClock_Config
 .text.__initialize_hardware
                0x0000000008003d10       0x10 ./src/_initialize_hardware.o
                0x0000000008003d10                __initialize_hardware
 .text.led_init
                0x0000000008003d20       0x44 ./src/main.o
                0x0000000008003d20                led_init
 .text.switch_init
                0x0000000008003d64       0x88 ./src/main.o
                0x0000000008003d64                switch_init
 .text.timer3_init
                0x0000000008003dec       0x5c ./src/main.o
                0x0000000008003dec                timer3_init
 .text.adc1_init
                0x0000000008003e48       0x94 ./src/main.o
                0x0000000008003e48                adc1_init
 .text.synth_init
                0x0000000008003edc       0x84 ./src/main.o
                0x0000000008003edc                synth_init
 .text.audioBlock
                0x0000000008003f60      0x444 ./src/main.o
                0x0000000008003f60                audioBlock
 .text.main     0x00000000080043a4      0x138 ./src/main.o
                0x00000000080043a4                main
 .text.EXTI0_IRQHandler
                0x00000000080044dc        0xa ./src/main.o
                0x00000000080044dc                EXTI0_IRQHandler
 .text.EXTI1_IRQHandler
                0x00000000080044e6        0xa ./src/main.o
                0x00000000080044e6                EXTI1_IRQHandler
 .text.EXTI2_IRQHandler
                0x00000000080044f0        0xa ./src/main.o
                0x00000000080044f0                EXTI2_IRQHandler
 .text.EXTI3_IRQHandler
                0x00000000080044fa        0xa ./src/main.o
                0x00000000080044fa                EXTI3_IRQHandler
 .text.HAL_GPIO_EXTI_Callback
                0x0000000008004504      0x1ec ./src/main.o
                0x0000000008004504                HAL_GPIO_EXTI_Callback
 .text.TIM3_IRQHandler
                0x00000000080046f0       0x10 ./src/main.o
                0x00000000080046f0                TIM3_IRQHandler
 .text.HAL_TIM_PeriodElapsedCallback
                0x0000000008004700       0xd0 ./src/main.o
                0x0000000008004700                HAL_TIM_PeriodElapsedCallback
 .text.DMA2_Stream0_IRQHandler
                0x00000000080047d0       0x10 ./src/main.o
                0x00000000080047d0                DMA2_Stream0_IRQHandler
 .text.HAL_ADC_ConvCpltCallback
                0x00000000080047e0       0x84 ./src/main.o
                0x00000000080047e0                HAL_ADC_ConvCpltCallback
 .text.DMA1_Stream5_IRQHandler
                0x0000000008004864       0x10 ./src/main.o
                0x0000000008004864                DMA1_Stream5_IRQHandler
 .text.DMA1_Stream7_IRQHandler
                0x0000000008004874       0x10 ./src/main.o
                0x0000000008004874                DMA1_Stream7_IRQHandler
 .text.DMA1_Stream3_IRQHandler
                0x0000000008004884       0x10 ./src/main.o
                0x0000000008004884                DMA1_Stream3_IRQHandler
 .text.BSP_AUDIO_OUT_HalfTransfer_CallBack
                0x0000000008004894        0xc ./src/main.o
                0x0000000008004894                BSP_AUDIO_OUT_HalfTransfer_CallBack
 .text.BSP_AUDIO_OUT_TransferComplete_CallBack
                0x00000000080048a0       0x1c ./src/main.o
                0x00000000080048a0                BSP_AUDIO_OUT_TransferComplete_CallBack
 .text.BSP_AUDIO_OUT_Error_CallBack
                0x00000000080048bc        0x2 ./src/main.o
                0x00000000080048bc                BSP_AUDIO_OUT_Error_CallBack
 .text.HAL_MspInit
                0x00000000080048be        0x2 ./src/stm32f4xx_hal_msp.o
                0x00000000080048be                HAL_MspInit
 .text.HAL_ADC_MspInit
                0x00000000080048c0       0xbc ./src/stm32f4xx_hal_msp.o
                0x00000000080048c0                HAL_ADC_MspInit
 .text.__errno  0x000000000800497c        0xc /Applications/eclipse/GCC tools/gcc-arm-none-eabi-6-2017-q2-update/bin/../lib/gcc/arm-none-eabi/6.3.1/../../../../arm-none-eabi/lib/thumb/v7e-m/fpv4-sp/hard/libg_nano.a(lib_a-errno.o)
                0x000000000800497c                __errno
 .text          0x0000000008004988       0x10 /Applications/eclipse/GCC tools/gcc-arm-none-eabi-6-2017-q2-update/bin/../lib/gcc/arm-none-eabi/6.3.1/../../../../arm-none-eabi/lib/thumb/v7e-m/fpv4-sp/hard/libg_nano.a(lib_a-strlen.o)
                0x0000000008004988                strlen
 .text._vsnprintf_r
                0x0000000008004998       0x58 /Applications/eclipse/GCC tools/gcc-arm-none-eabi-6-2017-q2-update/bin/../lib/gcc/arm-none-eabi/6.3.1/../../../../arm-none-eabi/lib/thumb/v7e-m/fpv4-sp/hard/libg_nano.a(lib_a-vsnprintf.o)
                0x0000000008004998                _vsnprintf_r
                0x0000000008004998                _vsniprintf_r
 .text.vsnprintf
                0x00000000080049f0       0x1c /Applications/eclipse/GCC tools/gcc-arm-none-eabi-6-2017-q2-update/bin/../lib/gcc/arm-none-eabi/6.3.1/../../../../arm-none-eabi/lib/thumb/v7e-m/fpv4-sp/hard/libg_nano.a(lib_a-vsnprintf.o)
                0x00000000080049f0                vsnprintf
                0x00000000080049f0                vsniprintf
 .text.__ssputs_r
                0x0000000008004a0c       0xb6 /Applications/eclipse/GCC tools/gcc-arm-none-eabi-6-2017-q2-update/bin/../lib/gcc/arm-none-eabi/6.3.1/../../../../arm-none-eabi/lib/thumb/v7e-m/fpv4-sp/hard/libg_nano.a(lib_a-nano-svfprintf.o)
                0x0000000008004a0c                __ssputs_r
 *fill*         0x0000000008004ac2        0x2 
 .text._svfprintf_r
                0x0000000008004ac4      0x1e8 /Applications/eclipse/GCC tools/gcc-arm-none-eabi-6-2017-q2-update/bin/../lib/gcc/arm-none-eabi/6.3.1/../../../../arm-none-eabi/lib/thumb/v7e-m/fpv4-sp/hard/libg_nano.a(lib_a-nano-svfprintf.o)
                0x0000000008004ac4                _svfprintf_r
                0x0000000008004ac4                _svfiprintf_r
 .text._printf_common
                0x0000000008004cac       0xec /Applications/eclipse/GCC tools/gcc-arm-none-eabi-6-2017-q2-update/bin/../lib/gcc/arm-none-eabi/6.3.1/../../../../arm-none-eabi/lib/thumb/v7e-m/fpv4-sp/hard/libg_nano.a(lib_a-nano-vfprintf_i.o)
                0x0000000008004cac                _printf_common
 .text._printf_i
                0x0000000008004d98      0x240 /Applications/eclipse/GCC tools/gcc-arm-none-eabi-6-2017-q2-update/bin/../lib/gcc/arm-none-eabi/6.3.1/../../../../arm-none-eabi/lib/thumb/v7e-m/fpv4-sp/hard/libg_nano.a(lib_a-nano-vfprintf_i.o)
                0x0000000008004d98                _printf_i
 *fill*         0x0000000008004fd8        0x8 
 .text          0x0000000008004fe0       0xa0 /Applications/eclipse/GCC tools/gcc-arm-none-eabi-6-2017-q2-update/bin/../lib/gcc/arm-none-eabi/6.3.1/../../../../arm-none-eabi/lib/thumb/v7e-m/fpv4-sp/hard/libg_nano.a(lib_a-memchr.o)
                0x0000000008004fe0                memchr
 .text.memcpy   0x0000000008005080       0x16 /Applications/eclipse/GCC tools/gcc-arm-none-eabi-6-2017-q2-update/bin/../lib/gcc/arm-none-eabi/6.3.1/../../../../arm-none-eabi/lib/thumb/v7e-m/fpv4-sp/hard/libg_nano.a(lib_a-memcpy-stub.o)
                0x0000000008005080                memcpy
 .text.memmove  0x0000000008005096       0x34 /Applications/eclipse/GCC tools/gcc-arm-none-eabi-6-2017-q2-update/bin/../lib/gcc/arm-none-eabi/6.3.1/../../../../arm-none-eabi/lib/thumb/v7e-m/fpv4-sp/hard/libg_nano.a(lib_a-memmove.o)
                0x0000000008005096                memmove
 *fill*         0x00000000080050ca        0x2 
 .text._free_r  0x00000000080050cc       0x9c /Applications/eclipse/GCC tools/gcc-arm-none-eabi-6-2017-q2-update/bin/../lib/gcc/arm-none-eabi/6.3.1/../../../../arm-none-eabi/lib/thumb/v7e-m/fpv4-sp/hard/libg_nano.a(lib_a-nano-freer.o)
                0x00000000080050cc                _free_r
 .text._malloc_r
                0x0000000008005168       0xbc /Applications/eclipse/GCC tools/gcc-arm-none-eabi-6-2017-q2-update/bin/../lib/gcc/arm-none-eabi/6.3.1/../../../../arm-none-eabi/lib/thumb/v7e-m/fpv4-sp/hard/libg_nano.a(lib_a-nano-mallocr.o)
                0x0000000008005168                _malloc_r
 .text._realloc_r
                0x0000000008005224       0x4c /Applications/eclipse/GCC tools/gcc-arm-none-eabi-6-2017-q2-update/bin/../lib/gcc/arm-none-eabi/6.3.1/../../../../arm-none-eabi/lib/thumb/v7e-m/fpv4-sp/hard/libg_nano.a(lib_a-nano-reallocr.o)
                0x0000000008005224                _realloc_r
 .text._sbrk_r  0x0000000008005270       0x20 /Applications/eclipse/GCC tools/gcc-arm-none-eabi-6-2017-q2-update/bin/../lib/gcc/arm-none-eabi/6.3.1/../../../../arm-none-eabi/lib/thumb/v7e-m/fpv4-sp/hard/libg_nano.a(lib_a-sbrkr.o)
                0x0000000008005270                _sbrk_r
 .text.__malloc_lock
                0x0000000008005290        0x2 /Applications/eclipse/GCC tools/gcc-arm-none-eabi-6-2017-q2-update/bin/../lib/gcc/arm-none-eabi/6.3.1/../../../../arm-none-eabi/lib/thumb/v7e-m/fpv4-sp/hard/libg_nano.a(lib_a-mlock.o)
                0x0000000008005290                __malloc_lock
 .text.__malloc_unlock
                0x0000000008005292        0x2 /Applications/eclipse/GCC tools/gcc-arm-none-eabi-6-2017-q2-update/bin/../lib/gcc/arm-none-eabi/6.3.1/../../../../arm-none-eabi/lib/thumb/v7e-m/fpv4-sp/hard/libg_nano.a(lib_a-mlock.o)
                0x0000000008005292                __malloc_unlock
 .text._malloc_usable_size_r
                0x0000000008005294       0x12 /Applications/eclipse/GCC tools/gcc-arm-none-eabi-6-2017-q2-update/bin/../lib/gcc/arm-none-eabi/6.3.1/../../../../arm-none-eabi/lib/thumb/v7e-m/fpv4-sp/hard/libg_nano.a(lib_a-nano-msizer.o)
                0x0000000008005294                _malloc_usable_size_r
 *(.rodata .rodata.* .constdata .constdata.*)
 *fill*         0x00000000080052a6        0x2 
 .rodata.ADC_Init.str1.4
                0x00000000080052a8       0x2e ./system/src/stm32f4-hal/stm32f4xx_hal_adc.o
 *fill*         0x00000000080052d6        0x2 
 .rodata.HAL_NVIC_SetPriorityGrouping.str1.4
                0x00000000080052d8       0x31 ./system/src/stm32f4-hal/stm32f4xx_hal_cortex.o
 *fill*         0x0000000008005309        0x3 
 .rodata.HAL_DMA_Init.str1.4
                0x000000000800530c       0x2e ./system/src/stm32f4-hal/stm32f4xx_hal_dma.o
 *fill*         0x000000000800533a        0x2 
 .rodata.flagBitshiftOffset.11016
                0x000000000800533c        0x8 ./system/src/stm32f4-hal/stm32f4xx_hal_dma.o
 .rodata.HAL_GPIO_Init.str1.4
                0x0000000008005344       0x2f ./system/src/stm32f4-hal/stm32f4xx_hal_gpio.o
 *fill*         0x0000000008005373        0x1 
 .rodata.HAL_I2C_Init.str1.4
                0x0000000008005374       0x2e ./system/src/stm32f4-hal/stm32f4xx_hal_i2c.o
 *fill*         0x00000000080053a2        0x2 
 .rodata.HAL_I2S_Init.str1.4
                0x00000000080053a4       0x31 ./system/src/stm32f4-hal/stm32f4xx_hal_i2s_ex.o
 *fill*         0x00000000080053d5        0x3 
 .rodata.APBAHBPrescTable
                0x00000000080053d8       0x10 ./system/src/stm32f4-hal/stm32f4xx_hal_rcc.o
                0x00000000080053d8                APBAHBPrescTable
 .rodata.HAL_RCC_OscConfig.str1.4
                0x00000000080053e8       0x2e ./system/src/stm32f4-hal/stm32f4xx_hal_rcc.o
 *fill*         0x0000000008005416        0x2 
 .rodata.HAL_RCCEx_PeriphCLKConfig.str1.4
                0x0000000008005418       0x31 ./system/src/stm32f4-hal/stm32f4xx_hal_rcc_ex.o
 *fill*         0x0000000008005449        0x3 
 .rodata.TIM_OC3_SetConfig.str1.4
                0x000000000800544c       0x2e ./system/src/stm32f4-hal/stm32f4xx_hal_tim.o
 *fill*         0x000000000800547a        0x2 
 .rodata.abort.str1.4
                0x000000000800547c       0x14 ./system/src/newlib/_exit.o
 .rodata.assert_failed.str1.4
                0x0000000008005490       0x2b ./system/src/newlib/assert.o
 .rodata.trace_puts.str1.4
                0x00000000080054bb       0x2b ./system/src/diag/Trace.o
                                          0x2 (size before relaxing)
 *fill*         0x00000000080054bb        0x1 
 .rodata.dumpExceptionStack.str1.4
                0x00000000080054bc      0x11a ./system/src/cortexm/exception_handlers.o
 *fill*         0x00000000080055d6        0x2 
 .rodata.str1.4
                0x00000000080055d8       0x2c ./system/src/cortexm/exception_handlers.o
                                         0x2a (size before relaxing)
 .rodata.AHBPrescTable
                0x0000000008005604       0x10 ./system/src/CMSIS/system_stm32f4xx.o
                0x0000000008005604                AHBPrescTable
 .rodata.I2SFreq
                0x0000000008005614       0x20 ./src/BSP/stm32f4_discovery_audio.o
                0x0000000008005614                I2SFreq
 .rodata.I2SPLLN
                0x0000000008005634       0x20 ./src/BSP/stm32f4_discovery_audio.o
                0x0000000008005634                I2SPLLN
 .rodata.I2SPLLR
                0x0000000008005654       0x20 ./src/BSP/stm32f4_discovery_audio.o
                0x0000000008005654                I2SPLLR
 .rodata._svfprintf_r.str1.1
                0x0000000008005674       0x11 /Applications/eclipse/GCC tools/gcc-arm-none-eabi-6-2017-q2-update/bin/../lib/gcc/arm-none-eabi/6.3.1/../../../../arm-none-eabi/lib/thumb/v7e-m/fpv4-sp/hard/libg_nano.a(lib_a-nano-svfprintf.o)
 .rodata._printf_i.str1.1
                0x0000000008005685       0x22 /Applications/eclipse/GCC tools/gcc-arm-none-eabi-6-2017-q2-update/bin/../lib/gcc/arm-none-eabi/6.3.1/../../../../arm-none-eabi/lib/thumb/v7e-m/fpv4-sp/hard/libg_nano.a(lib_a-nano-vfprintf_i.o)
 *(vtable)
 *(.eh_frame*)
 *(.glue_7)
 .glue_7        0x00000000080056a7        0x0 linker stubs
 *(.glue_7t)
 .glue_7t       0x00000000080056a7        0x0 linker stubs

.vfp11_veneer   0x00000000080056a8        0x0
 .vfp11_veneer  0x00000000080056a8        0x0 linker stubs

.v4_bx          0x00000000080056a8        0x0
 .v4_bx         0x00000000080056a8        0x0 linker stubs

.iplt           0x00000000080056a8        0x0
 .iplt          0x00000000080056a8        0x0 ./system/src/stm32f4-hal/stm32f4xx_hal.o

.rel.dyn        0x00000000080056a8        0x0
 .rel.iplt      0x00000000080056a8        0x0 ./system/src/stm32f4-hal/stm32f4xx_hal.o

.ARM.extab
 *(.ARM.extab* .gnu.linkonce.armextab.*)
                0x00000000080056a8                . = ALIGN (0x4)
                0x00000000080056a8                __exidx_start = .

.ARM.exidx
 *(.ARM.exidx* .gnu.linkonce.armexidx.*)
                0x00000000080056a8                __exidx_end = .
                0x00000000080056a8                . = ALIGN (0x4)
                0x00000000080056a8                _etext = .
                0x00000000080056a8                __etext = .

.data_CCMRAM    0x0000000010000000        0x0 load address 0x00000000080056a8
 FILL mask 0xff
 *(.data.CCMRAM .data.CCMRAM.*)
                0x0000000010000000                . = ALIGN (0x4)
                0x00000000080056a8                _sidata = LOADADDR (.data)

.data           0x0000000020000000     0xc0b0 load address 0x00000000080056a8
 FILL mask 0xff
                0x0000000020000000                _sdata = .
                0x0000000020000000                __data_start__ = .
 *(.data_begin .data_begin.*)
 .data_begin    0x0000000020000000        0x4 ./system/src/newlib/_startup.o
 *(.data .data.*)
 .data.argv.5386
                0x0000000020000004        0x8 ./system/src/newlib/_syscalls.o
 .data.SystemCoreClock
                0x000000002000000c        0x4 ./system/src/CMSIS/system_stm32f4xx.o
                0x000000002000000c                SystemCoreClock
 .data.Is_cs43l22_Stop
                0x0000000020000010        0x1 ./src/boardComponents/cs43l22.o
 *fill*         0x0000000020000011        0x3 ff
 .data.cs43l22_drv
                0x0000000020000014       0x30 ./src/boardComponents/cs43l22.o
                0x0000000020000014                cs43l22_drv
 .data.I2cxTimeout
                0x0000000020000044        0x4 ./src/BSP/stm32f4_discovery.o
                0x0000000020000044                I2cxTimeout
 .data.sineinc  0x0000000020000048     0x4000 ./src/main.o
                0x0000000020000048                sineinc
 .data.sinetable
                0x0000000020004048     0x8000 ./src/main.o
                0x0000000020004048                sinetable
 .data._impure_ptr
                0x000000002000c048        0x4 /Applications/eclipse/GCC tools/gcc-arm-none-eabi-6-2017-q2-update/bin/../lib/gcc/arm-none-eabi/6.3.1/../../../../arm-none-eabi/lib/thumb/v7e-m/fpv4-sp/hard/libg_nano.a(lib_a-impure.o)
                0x000000002000c048                _impure_ptr
 .data.impure_data
                0x000000002000c04c       0x60 /Applications/eclipse/GCC tools/gcc-arm-none-eabi-6-2017-q2-update/bin/../lib/gcc/arm-none-eabi/6.3.1/../../../../arm-none-eabi/lib/thumb/v7e-m/fpv4-sp/hard/libg_nano.a(lib_a-impure.o)
 *(.data_end .data_end.*)
 .data_end      0x000000002000c0ac        0x4 ./system/src/newlib/_startup.o
                0x000000002000c0b0                . = ALIGN (0x4)
                0x000000002000c0b0                _edata = .
                0x000000002000c0b0                __data_end__ = .

.igot.plt       0x000000002000c0b0        0x0 load address 0x0000000008011758
 .igot.plt      0x000000002000c0b0        0x0 ./system/src/stm32f4-hal/stm32f4xx_hal.o

.bss_CCMRAM     0x0000000010000000        0x0
 *(.bss.CCMRAM .bss.CCMRAM.*)

.bss            0x000000002000c0b0     0xa774
                0x000000002000c0b0                __bss_start__ = .
                0x000000002000c0b0                _sbss = .
 *(.bss_begin .bss_begin.*)
 .bss_begin     0x000000002000c0b0        0x4 ./system/src/newlib/_startup.o
 *(.bss .bss.*)
 .bss.current_heap_end.5070
                0x000000002000c0b4        0x4 ./system/src/newlib/_sbrk.o
 .bss.name.5385
                0x000000002000c0b8        0x1 ./system/src/newlib/_syscalls.o
 *fill*         0x000000002000c0b9        0x3 
 .bss.buf.6275  0x000000002000c0bc       0x80 ./system/src/diag/Trace.o
 .bss.OutputDev
                0x000000002000c13c        0x1 ./src/boardComponents/cs43l22.o
                0x000000002000c13c                OutputDev
 *fill*         0x000000002000c13d        0x3 
 .bss.I2cHandle
                0x000000002000c140       0x44 ./src/BSP/stm32f4_discovery.o
 .bss.hdma_i2sTx.11228
                0x000000002000c184       0x58 ./src/BSP/stm32f4_discovery_audio.o
 .bss.pAudioDrv
                0x000000002000c1dc        0x4 ./src/BSP/stm32f4_discovery_audio.o
 .bss.hdma_adc.10953
                0x000000002000c1e0       0x58 ./src/stm32f4xx_hal_msp.o
 .bss.__malloc_free_list
                0x000000002000c238        0x4 /Applications/eclipse/GCC tools/gcc-arm-none-eabi-6-2017-q2-update/bin/../lib/gcc/arm-none-eabi/6.3.1/../../../../arm-none-eabi/lib/thumb/v7e-m/fpv4-sp/hard/libg_nano.a(lib_a-nano-mallocr.o)
                0x000000002000c238                __malloc_free_list
 .bss.__malloc_sbrk_start
                0x000000002000c23c        0x4 /Applications/eclipse/GCC tools/gcc-arm-none-eabi-6-2017-q2-update/bin/../lib/gcc/arm-none-eabi/6.3.1/../../../../arm-none-eabi/lib/thumb/v7e-m/fpv4-sp/hard/libg_nano.a(lib_a-nano-mallocr.o)
                0x000000002000c23c                __malloc_sbrk_start
 *(COMMON)
 COMMON         0x000000002000c240        0x4 ./system/src/stm32f4-hal/stm32f4xx_hal.o
                0x000000002000c240                uwTick
 COMMON         0x000000002000c244        0x4 ./system/src/newlib/_syscalls.o
                0x000000002000c244                errno
 COMMON         0x000000002000c248       0xbc ./src/BSP/stm32f4_discovery_audio.o
                0x000000002000c248                Filter
                0x000000002000c27c                hAudioOutI2s
                0x000000002000c2c0                hAudioInI2s
 COMMON         0x000000002000c304        0x4 ./src/Timer.o
                0x000000002000c304                timer_delayCount
 COMMON         0x000000002000c308     0xa518 ./src/main.o
                0x000000002000c308                wavetable
                0x0000000020014308                adcBuffer
                0x0000000020014318                smoothadc
                0x0000000020014338                switchon
                0x0000000020014358                button_time
                0x0000000020014398                o
                0x0000000020014410                codecBuffer
                0x0000000020014490                attack
                0x0000000020014494                decay
                0x0000000020014498                amp
                0x00000000200144d4                r
                0x00000000200144d8                bspAudioState
                0x00000000200144dc                adc0average
                0x00000000200145dc                release
                0x00000000200145e0                sustain
                0x00000000200145e4                avgindex
                0x00000000200145e8                dacBuffer
                0x0000000020014628                switchoff
                0x0000000020014648                DacHandle
                0x000000002001465c                adsrState
                0x0000000020014660                time
                0x0000000020014664                note
                0x0000000020014670                AdcHandle
                0x00000000200146b8                f0
                0x00000000200146bc                outBuffer
                0x00000000200156bc                avgtotal
                0x00000000200156dc                TimHandle
                0x0000000020015718                inBuffer
                0x0000000020016718                millisecs
                0x000000002001671c                ledselected
                0x0000000020016720                adc1average
 *(.bss_end .bss_end.*)
 .bss_end       0x0000000020016820        0x4 ./system/src/newlib/_startup.o
                0x0000000020016824                . = ALIGN (0x4)
                0x0000000020016824                __bss_end__ = .
                0x0000000020016824                _ebss = .

.noinit_CCMRAM
 *(.noinit.CCMRAM .noinit.CCMRAM.*)

.noinit         0x0000000020016824        0x0
                0x0000000020016824                _noinit = .
 *(.noinit .noinit.*)
                0x0000000020016824                . = ALIGN (0x4)
                0x0000000020016824                _end_noinit = .
                [!provide]                        PROVIDE (end, _end_noinit)
                [!provide]                        PROVIDE (_end, _end_noinit)
                [!provide]                        PROVIDE (__end, _end_noinit)
                [!provide]                        PROVIDE (__end__, _end_noinit)

._check_stack   0x0000000020016824      0x100
                0x0000000020016924                . = (. + _Minimum_Stack_Size)
 *fill*         0x0000000020016824      0x100 

.b1text
 *(.b1text)
 *(.b1rodata)
 *(.b1rodata.*)

.eb0text
 *(.eb0text)
 *(.eb0rodata)
 *(.eb0rodata.*)

.eb1text
 *(.eb1text)
 *(.eb1rodata)
 *(.eb1rodata.*)

.eb2text
 *(.eb2text)
 *(.eb2rodata)
 *(.eb2rodata.*)

.eb3text
 *(.eb3text)
 *(.eb3rodata)
 *(.eb3rodata.*)

.stab
 *(.stab)

.stabstr
 *(.stabstr)

.stab.excl
 *(.stab.excl)

.stab.exclstr
 *(.stab.exclstr)

.stab.index
 *(.stab.index)

.stab.indexstr
 *(.stab.indexstr)

.comment        0x0000000000000000       0x7f
 *(.comment)
 .comment       0x0000000000000000       0x7f ./system/src/stm32f4-hal/stm32f4xx_hal.o
                                         0x80 (size before relaxing)
 .comment       0x000000000000007f       0x80 ./system/src/stm32f4-hal/stm32f4xx_hal_adc.o
 .comment       0x000000000000007f       0x80 ./system/src/stm32f4-hal/stm32f4xx_hal_cortex.o
 .comment       0x000000000000007f       0x80 ./system/src/stm32f4-hal/stm32f4xx_hal_dma.o
 .comment       0x000000000000007f       0x80 ./system/src/stm32f4-hal/stm32f4xx_hal_gpio.o
 .comment       0x000000000000007f       0x80 ./system/src/stm32f4-hal/stm32f4xx_hal_i2c.o
 .comment       0x000000000000007f       0x80 ./system/src/stm32f4-hal/stm32f4xx_hal_i2s.o
 .comment       0x000000000000007f       0x80 ./system/src/stm32f4-hal/stm32f4xx_hal_i2s_ex.o
 .comment       0x000000000000007f       0x80 ./system/src/stm32f4-hal/stm32f4xx_hal_rcc.o
 .comment       0x000000000000007f       0x80 ./system/src/stm32f4-hal/stm32f4xx_hal_rcc_ex.o
 .comment       0x000000000000007f       0x80 ./system/src/stm32f4-hal/stm32f4xx_hal_tim.o
 .comment       0x000000000000007f       0x80 ./system/src/stm32f4-hal/stm32f4xx_hal_tim_ex.o
 .comment       0x000000000000007f       0x80 ./system/src/newlib/_exit.o
 .comment       0x000000000000007f       0x80 ./system/src/newlib/_sbrk.o
 .comment       0x000000000000007f       0x80 ./system/src/newlib/_startup.o
 .comment       0x000000000000007f       0x80 ./system/src/newlib/_syscalls.o
 .comment       0x000000000000007f       0x80 ./system/src/newlib/assert.o
 .comment       0x000000000000007f       0x80 ./system/src/diag/Trace.o
 .comment       0x000000000000007f       0x80 ./system/src/diag/trace_impl.o
 .comment       0x000000000000007f       0x80 ./system/src/cortexm/_initialize_hardware.o
 .comment       0x000000000000007f       0x80 ./system/src/cortexm/exception_handlers.o
 .comment       0x000000000000007f       0x80 ./system/src/CMSIS/system_stm32f4xx.o
 .comment       0x000000000000007f       0x80 ./system/src/CMSIS/vectors_stm32f407xx.o
 .comment       0x000000000000007f       0x80 ./src/boardComponents/cs43l22.o
 .comment       0x000000000000007f       0x80 ./src/BSP/stm32f4_discovery.o
 .comment       0x000000000000007f       0x80 ./src/BSP/stm32f4_discovery_audio.o
 .comment       0x000000000000007f       0x80 ./src/Timer.o
 .comment       0x000000000000007f       0x80 ./src/_initialize_hardware.o
 .comment       0x000000000000007f       0x80 ./src/main.o
 .comment       0x000000000000007f       0x80 ./src/stm32f4xx_hal_msp.o

.ARM.attributes
                0x0000000000000000       0x37
 .ARM.attributes
                0x0000000000000000       0x39 ./system/src/stm32f4-hal/stm32f4xx_hal.o
 .ARM.attributes
                0x0000000000000039       0x39 ./system/src/stm32f4-hal/stm32f4xx_hal_adc.o
 .ARM.attributes
                0x0000000000000072       0x39 ./system/src/stm32f4-hal/stm32f4xx_hal_cortex.o
 .ARM.attributes
                0x00000000000000ab       0x39 ./system/src/stm32f4-hal/stm32f4xx_hal_dma.o
 .ARM.attributes
                0x00000000000000e4       0x39 ./system/src/stm32f4-hal/stm32f4xx_hal_gpio.o
 .ARM.attributes
                0x000000000000011d       0x39 ./system/src/stm32f4-hal/stm32f4xx_hal_i2c.o
 .ARM.attributes
                0x0000000000000156       0x39 ./system/src/stm32f4-hal/stm32f4xx_hal_i2s.o
 .ARM.attributes
                0x000000000000018f       0x39 ./system/src/stm32f4-hal/stm32f4xx_hal_i2s_ex.o
 .ARM.attributes
                0x00000000000001c8       0x39 ./system/src/stm32f4-hal/stm32f4xx_hal_rcc.o
 .ARM.attributes
                0x0000000000000201       0x39 ./system/src/stm32f4-hal/stm32f4xx_hal_rcc_ex.o
 .ARM.attributes
                0x000000000000023a       0x39 ./system/src/stm32f4-hal/stm32f4xx_hal_tim.o
 .ARM.attributes
                0x0000000000000273       0x39 ./system/src/stm32f4-hal/stm32f4xx_hal_tim_ex.o
 .ARM.attributes
                0x00000000000002ac       0x39 ./system/src/newlib/_exit.o
 .ARM.attributes
                0x00000000000002e5       0x39 ./system/src/newlib/_sbrk.o
 .ARM.attributes
                0x000000000000031e       0x39 ./system/src/newlib/_startup.o
 .ARM.attributes
                0x0000000000000357       0x39 ./system/src/newlib/_syscalls.o
 .ARM.attributes
                0x0000000000000390       0x39 ./system/src/newlib/assert.o
 .ARM.attributes
                0x00000000000003c9       0x39 ./system/src/diag/Trace.o
 .ARM.attributes
                0x0000000000000402       0x39 ./system/src/diag/trace_impl.o
 .ARM.attributes
                0x000000000000043b       0x39 ./system/src/cortexm/_initialize_hardware.o
 .ARM.attributes
                0x0000000000000474       0x39 ./system/src/cortexm/exception_handlers.o
 .ARM.attributes
                0x00000000000004ad       0x39 ./system/src/CMSIS/system_stm32f4xx.o
 .ARM.attributes
                0x00000000000004e6       0x39 ./system/src/CMSIS/vectors_stm32f407xx.o
 .ARM.attributes
                0x000000000000051f       0x39 ./src/boardComponents/cs43l22.o
 .ARM.attributes
                0x0000000000000558       0x39 ./src/BSP/stm32f4_discovery.o
 .ARM.attributes
                0x0000000000000591       0x39 ./src/BSP/stm32f4_discovery_audio.o
 .ARM.attributes
                0x00000000000005ca       0x39 ./src/Timer.o
 .ARM.attributes
                0x0000000000000603       0x39 ./src/_initialize_hardware.o
 .ARM.attributes
                0x000000000000063c       0x39 ./src/main.o
 .ARM.attributes
                0x0000000000000675       0x39 ./src/stm32f4xx_hal_msp.o
 .ARM.attributes
                0x00000000000006ae       0x34 /Applications/eclipse/GCC tools/gcc-arm-none-eabi-6-2017-q2-update/bin/../lib/gcc/arm-none-eabi/6.3.1/../../../../arm-none-eabi/lib/thumb/v7e-m/fpv4-sp/hard/libg_nano.a(lib_a-errno.o)
 .ARM.attributes
                0x00000000000006e2       0x34 /Applications/eclipse/GCC tools/gcc-arm-none-eabi-6-2017-q2-update/bin/../lib/gcc/arm-none-eabi/6.3.1/../../../../arm-none-eabi/lib/thumb/v7e-m/fpv4-sp/hard/libg_nano.a(lib_a-impure.o)
 .ARM.attributes
                0x0000000000000716       0x1b /Applications/eclipse/GCC tools/gcc-arm-none-eabi-6-2017-q2-update/bin/../lib/gcc/arm-none-eabi/6.3.1/../../../../arm-none-eabi/lib/thumb/v7e-m/fpv4-sp/hard/libg_nano.a(lib_a-strlen.o)
 .ARM.attributes
                0x0000000000000731       0x34 /Applications/eclipse/GCC tools/gcc-arm-none-eabi-6-2017-q2-update/bin/../lib/gcc/arm-none-eabi/6.3.1/../../../../arm-none-eabi/lib/thumb/v7e-m/fpv4-sp/hard/libg_nano.a(lib_a-vsnprintf.o)
 .ARM.attributes
                0x0000000000000765       0x34 /Applications/eclipse/GCC tools/gcc-arm-none-eabi-6-2017-q2-update/bin/../lib/gcc/arm-none-eabi/6.3.1/../../../../arm-none-eabi/lib/thumb/v7e-m/fpv4-sp/hard/libg_nano.a(lib_a-nano-svfprintf.o)
 .ARM.attributes
                0x0000000000000799       0x34 /Applications/eclipse/GCC tools/gcc-arm-none-eabi-6-2017-q2-update/bin/../lib/gcc/arm-none-eabi/6.3.1/../../../../arm-none-eabi/lib/thumb/v7e-m/fpv4-sp/hard/libg_nano.a(lib_a-nano-vfprintf_i.o)
 .ARM.attributes
                0x00000000000007cd       0x20 /Applications/eclipse/GCC tools/gcc-arm-none-eabi-6-2017-q2-update/bin/../lib/gcc/arm-none-eabi/6.3.1/../../../../arm-none-eabi/lib/thumb/v7e-m/fpv4-sp/hard/libg_nano.a(lib_a-memchr.o)
 .ARM.attributes
                0x00000000000007ed       0x34 /Applications/eclipse/GCC tools/gcc-arm-none-eabi-6-2017-q2-update/bin/../lib/gcc/arm-none-eabi/6.3.1/../../../../arm-none-eabi/lib/thumb/v7e-m/fpv4-sp/hard/libg_nano.a(lib_a-memcpy-stub.o)
 .ARM.attributes
                0x0000000000000821       0x34 /Applications/eclipse/GCC tools/gcc-arm-none-eabi-6-2017-q2-update/bin/../lib/gcc/arm-none-eabi/6.3.1/../../../../arm-none-eabi/lib/thumb/v7e-m/fpv4-sp/hard/libg_nano.a(lib_a-memmove.o)
 .ARM.attributes
                0x0000000000000855       0x34 /Applications/eclipse/GCC tools/gcc-arm-none-eabi-6-2017-q2-update/bin/../lib/gcc/arm-none-eabi/6.3.1/../../../../arm-none-eabi/lib/thumb/v7e-m/fpv4-sp/hard/libg_nano.a(lib_a-nano-freer.o)
 .ARM.attributes
                0x0000000000000889       0x34 /Applications/eclipse/GCC tools/gcc-arm-none-eabi-6-2017-q2-update/bin/../lib/gcc/arm-none-eabi/6.3.1/../../../../arm-none-eabi/lib/thumb/v7e-m/fpv4-sp/hard/libg_nano.a(lib_a-nano-mallocr.o)
 .ARM.attributes
                0x00000000000008bd       0x34 /Applications/eclipse/GCC tools/gcc-arm-none-eabi-6-2017-q2-update/bin/../lib/gcc/arm-none-eabi/6.3.1/../../../../arm-none-eabi/lib/thumb/v7e-m/fpv4-sp/hard/libg_nano.a(lib_a-nano-reallocr.o)
 .ARM.attributes
                0x00000000000008f1       0x34 /Applications/eclipse/GCC tools/gcc-arm-none-eabi-6-2017-q2-update/bin/../lib/gcc/arm-none-eabi/6.3.1/../../../../arm-none-eabi/lib/thumb/v7e-m/fpv4-sp/hard/libg_nano.a(lib_a-sbrkr.o)
 .ARM.attributes
                0x0000000000000925       0x34 /Applications/eclipse/GCC tools/gcc-arm-none-eabi-6-2017-q2-update/bin/../lib/gcc/arm-none-eabi/6.3.1/../../../../arm-none-eabi/lib/thumb/v7e-m/fpv4-sp/hard/libg_nano.a(lib_a-mlock.o)
 .ARM.attributes
                0x0000000000000959       0x34 /Applications/eclipse/GCC tools/gcc-arm-none-eabi-6-2017-q2-update/bin/../lib/gcc/arm-none-eabi/6.3.1/../../../../arm-none-eabi/lib/thumb/v7e-m/fpv4-sp/hard/libg_nano.a(lib_a-nano-msizer.o)

.debug
 *(.debug)

.line
 *(.line)

.debug_srcinfo
 *(.debug_srcinfo)

.debug_sfnames
 *(.debug_sfnames)

.debug_aranges  0x0000000000000000     0x12c0
 *(.debug_aranges)
 .debug_aranges
                0x0000000000000000       0xc0 ./system/src/stm32f4-hal/stm32f4xx_hal.o
 .debug_aranges
                0x00000000000000c0       0xe8 ./system/src/stm32f4-hal/stm32f4xx_hal_adc.o
 .debug_aranges
                0x00000000000001a8       0x98 ./system/src/stm32f4-hal/stm32f4xx_hal_cortex.o
 .debug_aranges
                0x0000000000000240       0x70 ./system/src/stm32f4-hal/stm32f4xx_hal_dma.o
 .debug_aranges
                0x00000000000002b0       0x58 ./system/src/stm32f4-hal/stm32f4xx_hal_gpio.o
 .debug_aranges
                0x0000000000000308      0x260 ./system/src/stm32f4-hal/stm32f4xx_hal_i2c.o
 .debug_aranges
                0x0000000000000568       0xf0 ./system/src/stm32f4-hal/stm32f4xx_hal_i2s.o
 .debug_aranges
                0x0000000000000658       0x78 ./system/src/stm32f4-hal/stm32f4xx_hal_i2s_ex.o
 .debug_aranges
                0x00000000000006d0       0x88 ./system/src/stm32f4-hal/stm32f4xx_hal_rcc.o
 .debug_aranges
                0x0000000000000758       0x30 ./system/src/stm32f4-hal/stm32f4xx_hal_rcc_ex.o
 .debug_aranges
                0x0000000000000788      0x368 ./system/src/stm32f4-hal/stm32f4xx_hal_tim.o
 .debug_aranges
                0x0000000000000af0      0x140 ./system/src/stm32f4-hal/stm32f4xx_hal_tim_ex.o
 .debug_aranges
                0x0000000000000c30       0x28 ./system/src/newlib/_exit.o
 .debug_aranges
                0x0000000000000c58       0x20 ./system/src/newlib/_sbrk.o
 .debug_aranges
                0x0000000000000c78       0x40 ./system/src/newlib/_startup.o
 .debug_aranges
                0x0000000000000cb8       0x30 ./system/src/newlib/_syscalls.o
 .debug_aranges
                0x0000000000000ce8       0x28 ./system/src/newlib/assert.o
 .debug_aranges
                0x0000000000000d10       0x38 ./system/src/diag/Trace.o
 .debug_aranges
                0x0000000000000d48       0x30 ./system/src/diag/trace_impl.o
 .debug_aranges
                0x0000000000000d78       0x28 ./system/src/cortexm/_initialize_hardware.o
 .debug_aranges
                0x0000000000000da0       0x88 ./system/src/cortexm/exception_handlers.o
 .debug_aranges
                0x0000000000000e28       0x28 ./system/src/CMSIS/system_stm32f4xx.o
 .debug_aranges
                0x0000000000000e50       0x20 ./system/src/CMSIS/vectors_stm32f407xx.o
 .debug_aranges
                0x0000000000000e70       0x80 ./src/boardComponents/cs43l22.o
 .debug_aranges
                0x0000000000000ef0       0xd8 ./src/BSP/stm32f4_discovery.o
 .debug_aranges
                0x0000000000000fc8      0x120 ./src/BSP/stm32f4_discovery_audio.o
 .debug_aranges
                0x00000000000010e8       0x38 ./src/Timer.o
 .debug_aranges
                0x0000000000001120       0x28 ./src/_initialize_hardware.o
 .debug_aranges
                0x0000000000001148      0x120 ./src/main.o
 .debug_aranges
                0x0000000000001268       0x58 ./src/stm32f4xx_hal_msp.o

.debug_pubnames
 *(.debug_pubnames)

.debug_info     0x0000000000000000    0x279cd
 *(.debug_info .gnu.linkonce.wi.*)
 .debug_info    0x0000000000000000     0x1109 ./system/src/stm32f4-hal/stm32f4xx_hal.o
 .debug_info    0x0000000000001109     0x19b3 ./system/src/stm32f4-hal/stm32f4xx_hal_adc.o
 .debug_info    0x0000000000002abc     0x18fe ./system/src/stm32f4-hal/stm32f4xx_hal_cortex.o
 .debug_info    0x00000000000043ba     0x11e9 ./system/src/stm32f4-hal/stm32f4xx_hal_dma.o
 .debug_info    0x00000000000055a3     0x1092 ./system/src/stm32f4-hal/stm32f4xx_hal_gpio.o
 .debug_info    0x0000000000006635     0x3b8d ./system/src/stm32f4-hal/stm32f4xx_hal_i2c.o
 .debug_info    0x000000000000a1c2     0x173f ./system/src/stm32f4-hal/stm32f4xx_hal_i2s.o
 .debug_info    0x000000000000b901     0x16e1 ./system/src/stm32f4-hal/stm32f4xx_hal_i2s_ex.o
 .debug_info    0x000000000000cfe2     0x175d ./system/src/stm32f4-hal/stm32f4xx_hal_rcc.o
 .debug_info    0x000000000000e73f      0xdd2 ./system/src/stm32f4-hal/stm32f4xx_hal_rcc_ex.o
 .debug_info    0x000000000000f511     0x4b3b ./system/src/stm32f4-hal/stm32f4xx_hal_tim.o
 .debug_info    0x000000000001404c     0x20c4 ./system/src/stm32f4-hal/stm32f4xx_hal_tim_ex.o
 .debug_info    0x0000000000016110      0x95d ./system/src/newlib/_exit.o
 .debug_info    0x0000000000016a6d      0x949 ./system/src/newlib/_sbrk.o
 .debug_info    0x00000000000173b6      0x4c7 ./system/src/newlib/_startup.o
 .debug_info    0x000000000001787d      0xa20 ./system/src/newlib/_syscalls.o
 .debug_info    0x000000000001829d      0xa06 ./system/src/newlib/assert.o
 .debug_info    0x0000000000018ca3      0xb31 ./system/src/diag/Trace.o
 .debug_info    0x00000000000197d4      0xc36 ./system/src/diag/trace_impl.o
 .debug_info    0x000000000001a40a      0xae5 ./system/src/cortexm/_initialize_hardware.o
 .debug_info    0x000000000001aeef     0x1025 ./system/src/cortexm/exception_handlers.o
 .debug_info    0x000000000001bf14      0xcdb ./system/src/CMSIS/system_stm32f4xx.o
 .debug_info    0x000000000001cbef       0xd1 ./system/src/CMSIS/vectors_stm32f407xx.o
 .debug_info    0x000000000001ccc0      0xa60 ./src/boardComponents/cs43l22.o
 .debug_info    0x000000000001d720     0x2165 ./src/BSP/stm32f4_discovery.o
 .debug_info    0x000000000001f885     0x21dc ./src/BSP/stm32f4_discovery_audio.o
 .debug_info    0x0000000000021a61      0xf46 ./src/Timer.o
 .debug_info    0x00000000000229a7      0xd0f ./src/_initialize_hardware.o
 .debug_info    0x00000000000236b6     0x2c21 ./src/main.o
 .debug_info    0x00000000000262d7     0x16f6 ./src/stm32f4xx_hal_msp.o

.debug_abbrev   0x0000000000000000     0x4f21
 *(.debug_abbrev)
 .debug_abbrev  0x0000000000000000      0x329 ./system/src/stm32f4-hal/stm32f4xx_hal.o
 .debug_abbrev  0x0000000000000329      0x331 ./system/src/stm32f4-hal/stm32f4xx_hal_adc.o
 .debug_abbrev  0x000000000000065a      0x3ef ./system/src/stm32f4-hal/stm32f4xx_hal_cortex.o
 .debug_abbrev  0x0000000000000a49      0x31b ./system/src/stm32f4-hal/stm32f4xx_hal_dma.o
 .debug_abbrev  0x0000000000000d64      0x2dc ./system/src/stm32f4-hal/stm32f4xx_hal_gpio.o
 .debug_abbrev  0x0000000000001040      0x2d8 ./system/src/stm32f4-hal/stm32f4xx_hal_i2c.o
 .debug_abbrev  0x0000000000001318      0x2ef ./system/src/stm32f4-hal/stm32f4xx_hal_i2s.o
 .debug_abbrev  0x0000000000001607      0x2e0 ./system/src/stm32f4-hal/stm32f4xx_hal_i2s_ex.o
 .debug_abbrev  0x00000000000018e7      0x378 ./system/src/stm32f4-hal/stm32f4xx_hal_rcc.o
 .debug_abbrev  0x0000000000001c5f      0x30a ./system/src/stm32f4-hal/stm32f4xx_hal_rcc_ex.o
 .debug_abbrev  0x0000000000001f69      0x2dc ./system/src/stm32f4-hal/stm32f4xx_hal_tim.o
 .debug_abbrev  0x0000000000002245      0x2dc ./system/src/stm32f4-hal/stm32f4xx_hal_tim_ex.o
 .debug_abbrev  0x0000000000002521      0x1f3 ./system/src/newlib/_exit.o
 .debug_abbrev  0x0000000000002714      0x1fc ./system/src/newlib/_sbrk.o
 .debug_abbrev  0x0000000000002910      0x1e2 ./system/src/newlib/_startup.o
 .debug_abbrev  0x0000000000002af2      0x234 ./system/src/newlib/_syscalls.o
 .debug_abbrev  0x0000000000002d26      0x1f3 ./system/src/newlib/assert.o
 .debug_abbrev  0x0000000000002f19      0x276 ./system/src/diag/Trace.o
 .debug_abbrev  0x000000000000318f      0x273 ./system/src/diag/trace_impl.o
 .debug_abbrev  0x0000000000003402      0x1de ./system/src/cortexm/_initialize_hardware.o
 .debug_abbrev  0x00000000000035e0      0x2b4 ./system/src/cortexm/exception_handlers.o
 .debug_abbrev  0x0000000000003894      0x216 ./system/src/CMSIS/system_stm32f4xx.o
 .debug_abbrev  0x0000000000003aaa       0x9d ./system/src/CMSIS/vectors_stm32f407xx.o
 .debug_abbrev  0x0000000000003b47      0x1e1 ./src/boardComponents/cs43l22.o
 .debug_abbrev  0x0000000000003d28      0x353 ./src/BSP/stm32f4_discovery.o
 .debug_abbrev  0x000000000000407b      0x36e ./src/BSP/stm32f4_discovery_audio.o
 .debug_abbrev  0x00000000000043e9      0x2b0 ./src/Timer.o
 .debug_abbrev  0x0000000000004699      0x22d ./src/_initialize_hardware.o
 .debug_abbrev  0x00000000000048c6      0x3d9 ./src/main.o
 .debug_abbrev  0x0000000000004c9f      0x282 ./src/stm32f4xx_hal_msp.o

.debug_line     0x0000000000000000    0x17c7b
 *(.debug_line)
 .debug_line    0x0000000000000000      0xbdc ./system/src/stm32f4-hal/stm32f4xx_hal.o
 .debug_line    0x0000000000000bdc     0x111f ./system/src/stm32f4-hal/stm32f4xx_hal_adc.o
 .debug_line    0x0000000000001cfb      0xcdc ./system/src/stm32f4-hal/stm32f4xx_hal_cortex.o
 .debug_line    0x00000000000029d7      0xd74 ./system/src/stm32f4-hal/stm32f4xx_hal_dma.o
 .debug_line    0x000000000000374b      0xd09 ./system/src/stm32f4-hal/stm32f4xx_hal_gpio.o
 .debug_line    0x0000000000004454     0x1f12 ./system/src/stm32f4-hal/stm32f4xx_hal_i2c.o
 .debug_line    0x0000000000006366      0xfe0 ./system/src/stm32f4-hal/stm32f4xx_hal_i2s.o
 .debug_line    0x0000000000007346     0x118a ./system/src/stm32f4-hal/stm32f4xx_hal_i2s_ex.o
 .debug_line    0x00000000000084d0      0xe5d ./system/src/stm32f4-hal/stm32f4xx_hal_rcc.o
 .debug_line    0x000000000000932d      0xb13 ./system/src/stm32f4-hal/stm32f4xx_hal_rcc_ex.o
 .debug_line    0x0000000000009e40     0x38d4 ./system/src/stm32f4-hal/stm32f4xx_hal_tim.o
 .debug_line    0x000000000000d714     0x155d ./system/src/stm32f4-hal/stm32f4xx_hal_tim_ex.o
 .debug_line    0x000000000000ec71      0x377 ./system/src/newlib/_exit.o
 .debug_line    0x000000000000efe8      0x32c ./system/src/newlib/_sbrk.o
 .debug_line    0x000000000000f314      0x3f4 ./system/src/newlib/_startup.o
 .debug_line    0x000000000000f708      0x44e ./system/src/newlib/_syscalls.o
 .debug_line    0x000000000000fb56      0x3b2 ./system/src/newlib/assert.o
 .debug_line    0x000000000000ff08      0x3e3 ./system/src/diag/Trace.o
 .debug_line    0x00000000000102eb      0xaf1 ./system/src/diag/trace_impl.o
 .debug_line    0x0000000000010ddc      0xa83 ./system/src/cortexm/_initialize_hardware.o
 .debug_line    0x000000000001185f      0xb90 ./system/src/cortexm/exception_handlers.o
 .debug_line    0x00000000000123ef      0xa89 ./system/src/CMSIS/system_stm32f4xx.o
 .debug_line    0x0000000000012e78      0x10f ./system/src/CMSIS/vectors_stm32f407xx.o
 .debug_line    0x0000000000012f87      0x237 ./src/boardComponents/cs43l22.o
 .debug_line    0x00000000000131be      0xca7 ./src/BSP/stm32f4_discovery.o
 .debug_line    0x0000000000013e65      0xe2a ./src/BSP/stm32f4_discovery_audio.o
 .debug_line    0x0000000000014c8f      0xad4 ./src/Timer.o
 .debug_line    0x0000000000015763      0xa79 ./src/_initialize_hardware.o
 .debug_line    0x00000000000161dc      0xfa7 ./src/main.o
 .debug_line    0x0000000000017183      0xaf8 ./src/stm32f4xx_hal_msp.o

.debug_frame    0x0000000000000000     0x3780
 *(.debug_frame)
 .debug_frame   0x0000000000000000      0x188 ./system/src/stm32f4-hal/stm32f4xx_hal.o
 .debug_frame   0x0000000000000188      0x2a0 ./system/src/stm32f4-hal/stm32f4xx_hal_adc.o
 .debug_frame   0x0000000000000428      0x17c ./system/src/stm32f4-hal/stm32f4xx_hal_cortex.o
 .debug_frame   0x00000000000005a4      0x14c ./system/src/stm32f4-hal/stm32f4xx_hal_dma.o
 .debug_frame   0x00000000000006f0       0xfc ./system/src/stm32f4-hal/stm32f4xx_hal_gpio.o
 .debug_frame   0x00000000000007ec      0x848 ./system/src/stm32f4-hal/stm32f4xx_hal_i2c.o
 .debug_frame   0x0000000000001034      0x2c4 ./system/src/stm32f4-hal/stm32f4xx_hal_i2s.o
 .debug_frame   0x00000000000012f8      0x170 ./system/src/stm32f4-hal/stm32f4xx_hal_i2s_ex.o
 .debug_frame   0x0000000000001468      0x148 ./system/src/stm32f4-hal/stm32f4xx_hal_rcc.o
 .debug_frame   0x00000000000015b0       0x54 ./system/src/stm32f4-hal/stm32f4xx_hal_rcc_ex.o
 .debug_frame   0x0000000000001604      0xa90 ./system/src/stm32f4-hal/stm32f4xx_hal_tim.o
 .debug_frame   0x0000000000002094      0x3dc ./system/src/stm32f4-hal/stm32f4xx_hal_tim_ex.o
 .debug_frame   0x0000000000002470       0x38 ./system/src/newlib/_exit.o
 .debug_frame   0x00000000000024a8       0x28 ./system/src/newlib/_sbrk.o
 .debug_frame   0x00000000000024d0       0x7c ./system/src/newlib/_startup.o
 .debug_frame   0x000000000000254c       0x50 ./system/src/newlib/_syscalls.o
 .debug_frame   0x000000000000259c       0x40 ./system/src/newlib/assert.o
 .debug_frame   0x00000000000025dc       0x94 ./system/src/diag/Trace.o
 .debug_frame   0x0000000000002670       0x54 ./system/src/diag/trace_impl.o
 .debug_frame   0x00000000000026c4       0x40 ./system/src/cortexm/_initialize_hardware.o
 .debug_frame   0x0000000000002704      0x144 ./system/src/cortexm/exception_handlers.o
 .debug_frame   0x0000000000002848       0x30 ./system/src/CMSIS/system_stm32f4xx.o
 .debug_frame   0x0000000000002878       0x20 ./system/src/CMSIS/vectors_stm32f407xx.o
 .debug_frame   0x0000000000002898      0x160 ./src/boardComponents/cs43l22.o
 .debug_frame   0x00000000000029f8      0x2a4 ./src/BSP/stm32f4_discovery.o
 .debug_frame   0x0000000000002c9c      0x34c ./src/BSP/stm32f4_discovery_audio.o
 .debug_frame   0x0000000000002fe8       0x58 ./src/Timer.o
 .debug_frame   0x0000000000003040       0x48 ./src/_initialize_hardware.o
 .debug_frame   0x0000000000003088      0x368 ./src/main.o
 .debug_frame   0x00000000000033f0       0xc8 ./src/stm32f4xx_hal_msp.o
 .debug_frame   0x00000000000034b8       0x20 /Applications/eclipse/GCC tools/gcc-arm-none-eabi-6-2017-q2-update/bin/../lib/gcc/arm-none-eabi/6.3.1/../../../../arm-none-eabi/lib/thumb/v7e-m/fpv4-sp/hard/libg_nano.a(lib_a-errno.o)
 .debug_frame   0x00000000000034d8       0x4c /Applications/eclipse/GCC tools/gcc-arm-none-eabi-6-2017-q2-update/bin/../lib/gcc/arm-none-eabi/6.3.1/../../../../arm-none-eabi/lib/thumb/v7e-m/fpv4-sp/hard/libg_nano.a(lib_a-vsnprintf.o)
 .debug_frame   0x0000000000003524       0x90 /Applications/eclipse/GCC tools/gcc-arm-none-eabi-6-2017-q2-update/bin/../lib/gcc/arm-none-eabi/6.3.1/../../../../arm-none-eabi/lib/thumb/v7e-m/fpv4-sp/hard/libg_nano.a(lib_a-nano-svfprintf.o)
 .debug_frame   0x00000000000035b4       0x60 /Applications/eclipse/GCC tools/gcc-arm-none-eabi-6-2017-q2-update/bin/../lib/gcc/arm-none-eabi/6.3.1/../../../../arm-none-eabi/lib/thumb/v7e-m/fpv4-sp/hard/libg_nano.a(lib_a-nano-vfprintf_i.o)
 .debug_frame   0x0000000000003614       0x28 /Applications/eclipse/GCC tools/gcc-arm-none-eabi-6-2017-q2-update/bin/../lib/gcc/arm-none-eabi/6.3.1/../../../../arm-none-eabi/lib/thumb/v7e-m/fpv4-sp/hard/libg_nano.a(lib_a-memcpy-stub.o)
 .debug_frame   0x000000000000363c       0x28 /Applications/eclipse/GCC tools/gcc-arm-none-eabi-6-2017-q2-update/bin/../lib/gcc/arm-none-eabi/6.3.1/../../../../arm-none-eabi/lib/thumb/v7e-m/fpv4-sp/hard/libg_nano.a(lib_a-memmove.o)
 .debug_frame   0x0000000000003664       0x38 /Applications/eclipse/GCC tools/gcc-arm-none-eabi-6-2017-q2-update/bin/../lib/gcc/arm-none-eabi/6.3.1/../../../../arm-none-eabi/lib/thumb/v7e-m/fpv4-sp/hard/libg_nano.a(lib_a-nano-freer.o)
 .debug_frame   0x000000000000369c       0x2c /Applications/eclipse/GCC tools/gcc-arm-none-eabi-6-2017-q2-update/bin/../lib/gcc/arm-none-eabi/6.3.1/../../../../arm-none-eabi/lib/thumb/v7e-m/fpv4-sp/hard/libg_nano.a(lib_a-nano-mallocr.o)
 .debug_frame   0x00000000000036c8       0x3c /Applications/eclipse/GCC tools/gcc-arm-none-eabi-6-2017-q2-update/bin/../lib/gcc/arm-none-eabi/6.3.1/../../../../arm-none-eabi/lib/thumb/v7e-m/fpv4-sp/hard/libg_nano.a(lib_a-nano-reallocr.o)
 .debug_frame   0x0000000000003704       0x2c /Applications/eclipse/GCC tools/gcc-arm-none-eabi-6-2017-q2-update/bin/../lib/gcc/arm-none-eabi/6.3.1/../../../../arm-none-eabi/lib/thumb/v7e-m/fpv4-sp/hard/libg_nano.a(lib_a-sbrkr.o)
 .debug_frame   0x0000000000003730       0x30 /Applications/eclipse/GCC tools/gcc-arm-none-eabi-6-2017-q2-update/bin/../lib/gcc/arm-none-eabi/6.3.1/../../../../arm-none-eabi/lib/thumb/v7e-m/fpv4-sp/hard/libg_nano.a(lib_a-mlock.o)
 .debug_frame   0x0000000000003760       0x20 /Applications/eclipse/GCC tools/gcc-arm-none-eabi-6-2017-q2-update/bin/../lib/gcc/arm-none-eabi/6.3.1/../../../../arm-none-eabi/lib/thumb/v7e-m/fpv4-sp/hard/libg_nano.a(lib_a-nano-msizer.o)

.debug_str      0x0000000000000000    0xac72c
 *(.debug_str)
 .debug_str     0x0000000000000000    0xa3793 ./system/src/stm32f4-hal/stm32f4xx_hal.o
                                      0xa3c26 (size before relaxing)
 .debug_str     0x00000000000a3793      0x6d7 ./system/src/stm32f4-hal/stm32f4xx_hal_adc.o
                                      0xa383c (size before relaxing)
 .debug_str     0x00000000000a3e6a      0x366 ./system/src/stm32f4-hal/stm32f4xx_hal_cortex.o
                                      0xa3a8e (size before relaxing)
 .debug_str     0x00000000000a41d0      0x19b ./system/src/stm32f4-hal/stm32f4xx_hal_dma.o
                                      0xa3527 (size before relaxing)
 .debug_str     0x00000000000a436b      0x2d2 ./system/src/stm32f4-hal/stm32f4xx_hal_gpio.o
                                      0xa349f (size before relaxing)
 .debug_str     0x00000000000a463d      0xc98 ./system/src/stm32f4-hal/stm32f4xx_hal_i2c.o
                                      0xa4052 (size before relaxing)
 .debug_str     0x00000000000a52d5      0x3ca ./system/src/stm32f4-hal/stm32f4xx_hal_i2s.o
                                      0xa37c3 (size before relaxing)
 .debug_str     0x00000000000a569f       0xdc ./system/src/stm32f4-hal/stm32f4xx_hal_i2s_ex.o
                                      0xa3859 (size before relaxing)
 .debug_str     0x00000000000a577b      0x36a ./system/src/stm32f4-hal/stm32f4xx_hal_rcc.o
                                      0xa362d (size before relaxing)
 .debug_str     0x00000000000a5ae5       0xeb ./system/src/stm32f4-hal/stm32f4xx_hal_rcc_ex.o
                                      0xa32dd (size before relaxing)
 .debug_str     0x00000000000a5bd0      0xe57 ./system/src/stm32f4-hal/stm32f4xx_hal_tim.o
                                      0xa42a8 (size before relaxing)
 .debug_str     0x00000000000a6a27      0x4e2 ./system/src/stm32f4-hal/stm32f4xx_hal_tim_ex.o
                                      0xa3b60 (size before relaxing)
 .debug_str     0x00000000000a6f09     0x10ff ./system/src/newlib/_exit.o
                                       0x7595 (size before relaxing)
 .debug_str     0x00000000000a8008      0x4f5 ./system/src/newlib/_sbrk.o
                                       0x6947 (size before relaxing)
 .debug_str     0x00000000000a84fd      0x2c6 ./system/src/newlib/_startup.o
                                       0x616f (size before relaxing)
 .debug_str     0x00000000000a87c3      0xe28 ./system/src/newlib/_syscalls.o
                                       0x77bf (size before relaxing)
 .debug_str     0x00000000000a95eb       0xd0 ./system/src/newlib/assert.o
                                       0x809a (size before relaxing)
 .debug_str     0x00000000000a96bb      0x169 ./system/src/diag/Trace.o
                                       0x7d77 (size before relaxing)
 .debug_str     0x00000000000a9824       0xdb ./system/src/diag/trace_impl.o
                                      0xa4168 (size before relaxing)
 .debug_str     0x00000000000a98ff       0x5e ./system/src/cortexm/_initialize_hardware.o
                                      0xa314e (size before relaxing)
 .debug_str     0x00000000000a995d      0x1e5 ./system/src/cortexm/exception_handlers.o
                                      0xa42b0 (size before relaxing)
 .debug_str     0x00000000000a9b42       0x46 ./system/src/CMSIS/system_stm32f4xx.o
                                      0xa321d (size before relaxing)
 .debug_str     0x00000000000a9b88       0x59 ./system/src/CMSIS/vectors_stm32f407xx.o
                                       0x3150 (size before relaxing)
 .debug_str     0x00000000000a9be1      0x955 ./src/boardComponents/cs43l22.o
                                       0x3abe (size before relaxing)
 .debug_str     0x00000000000aa536     0x1182 ./src/BSP/stm32f4_discovery.o
                                      0xa4f24 (size before relaxing)
 .debug_str     0x00000000000ab6b8      0xadb ./src/BSP/stm32f4_discovery_audio.o
                                      0xa5c7a (size before relaxing)
 .debug_str     0x00000000000ac193       0x76 ./src/Timer.o
                                      0xa373d (size before relaxing)
 .debug_str     0x00000000000ac209       0x31 ./src/_initialize_hardware.o
                                      0xa3333 (size before relaxing)
 .debug_str     0x00000000000ac23a      0x47b ./src/main.o
                                      0xa72e5 (size before relaxing)
 .debug_str     0x00000000000ac6b5       0x77 ./src/stm32f4xx_hal_msp.o
                                      0xa3cef (size before relaxing)

.debug_loc      0x0000000000000000     0xc32f
 *(.debug_loc)
 .debug_loc     0x0000000000000000       0x92 ./system/src/stm32f4-hal/stm32f4xx_hal.o
 .debug_loc     0x0000000000000092      0x72f ./system/src/stm32f4-hal/stm32f4xx_hal_adc.o
 .debug_loc     0x00000000000007c1      0x73b ./system/src/stm32f4-hal/stm32f4xx_hal_cortex.o
 .debug_loc     0x0000000000000efc      0x5a5 ./system/src/stm32f4-hal/stm32f4xx_hal_dma.o
 .debug_loc     0x00000000000014a1      0x593 ./system/src/stm32f4-hal/stm32f4xx_hal_gpio.o
 .debug_loc     0x0000000000001a34     0x2d38 ./system/src/stm32f4-hal/stm32f4xx_hal_i2c.o
 .debug_loc     0x000000000000476c      0xf2c ./system/src/stm32f4-hal/stm32f4xx_hal_i2s.o
 .debug_loc     0x0000000000005698     0x11c9 ./system/src/stm32f4-hal/stm32f4xx_hal_i2s_ex.o
 .debug_loc     0x0000000000006861      0x4cd ./system/src/stm32f4-hal/stm32f4xx_hal_rcc.o
 .debug_loc     0x0000000000006d2e      0x138 ./system/src/stm32f4-hal/stm32f4xx_hal_rcc_ex.o
 .debug_loc     0x0000000000006e66     0x2700 ./system/src/stm32f4-hal/stm32f4xx_hal_tim.o
 .debug_loc     0x0000000000009566      0xc62 ./system/src/stm32f4-hal/stm32f4xx_hal_tim_ex.o
 .debug_loc     0x000000000000a1c8       0x85 ./system/src/newlib/_sbrk.o
 .debug_loc     0x000000000000a24d      0x2d3 ./system/src/newlib/_startup.o
 .debug_loc     0x000000000000a520       0x63 ./system/src/newlib/_syscalls.o
 .debug_loc     0x000000000000a583      0x134 ./system/src/newlib/assert.o
 .debug_loc     0x000000000000a6b7       0xf6 ./system/src/diag/Trace.o
 .debug_loc     0x000000000000a7ad       0xc9 ./system/src/diag/trace_impl.o
 .debug_loc     0x000000000000a876      0x15a ./system/src/cortexm/exception_handlers.o
 .debug_loc     0x000000000000a9d0      0x13e ./system/src/CMSIS/system_stm32f4xx.o
 .debug_loc     0x000000000000ab0e      0x696 ./src/boardComponents/cs43l22.o
 .debug_loc     0x000000000000b1a4      0x45a ./src/BSP/stm32f4_discovery.o
 .debug_loc     0x000000000000b5fe      0x5b8 ./src/BSP/stm32f4_discovery_audio.o
 .debug_loc     0x000000000000bbb6       0x59 ./src/Timer.o
 .debug_loc     0x000000000000bc0f      0x686 ./src/main.o
 .debug_loc     0x000000000000c295       0x9a ./src/stm32f4xx_hal_msp.o

.debug_macinfo
 *(.debug_macinfo)

.debug_weaknames
 *(.debug_weaknames)

.debug_funcnames
 *(.debug_funcnames)

.debug_typenames
 *(.debug_typenames)

.debug_varnames
 *(.debug_varnames)
OUTPUT(f4disco-sawtooth-button-filter.elf elf32-littlearm)

.debug_ranges   0x0000000000000000     0x11c8
 .debug_ranges  0x0000000000000000       0xb0 ./system/src/stm32f4-hal/stm32f4xx_hal.o
 .debug_ranges  0x00000000000000b0       0xd8 ./system/src/stm32f4-hal/stm32f4xx_hal_adc.o
 .debug_ranges  0x0000000000000188       0xe8 ./system/src/stm32f4-hal/stm32f4xx_hal_cortex.o
 .debug_ranges  0x0000000000000270       0x60 ./system/src/stm32f4-hal/stm32f4xx_hal_dma.o
 .debug_ranges  0x00000000000002d0       0x48 ./system/src/stm32f4-hal/stm32f4xx_hal_gpio.o
 .debug_ranges  0x0000000000000318      0x250 ./system/src/stm32f4-hal/stm32f4xx_hal_i2c.o
 .debug_ranges  0x0000000000000568       0xe0 ./system/src/stm32f4-hal/stm32f4xx_hal_i2s.o
 .debug_ranges  0x0000000000000648       0x68 ./system/src/stm32f4-hal/stm32f4xx_hal_i2s_ex.o
 .debug_ranges  0x00000000000006b0       0x78 ./system/src/stm32f4-hal/stm32f4xx_hal_rcc.o
 .debug_ranges  0x0000000000000728       0x20 ./system/src/stm32f4-hal/stm32f4xx_hal_rcc_ex.o
 .debug_ranges  0x0000000000000748      0x358 ./system/src/stm32f4-hal/stm32f4xx_hal_tim.o
 .debug_ranges  0x0000000000000aa0      0x130 ./system/src/stm32f4-hal/stm32f4xx_hal_tim_ex.o
 .debug_ranges  0x0000000000000bd0       0x18 ./system/src/newlib/_exit.o
 .debug_ranges  0x0000000000000be8       0x10 ./system/src/newlib/_sbrk.o
 .debug_ranges  0x0000000000000bf8       0x90 ./system/src/newlib/_startup.o
 .debug_ranges  0x0000000000000c88       0x20 ./system/src/newlib/_syscalls.o
 .debug_ranges  0x0000000000000ca8       0x18 ./system/src/newlib/assert.o
 .debug_ranges  0x0000000000000cc0       0x28 ./system/src/diag/Trace.o
 .debug_ranges  0x0000000000000ce8       0x48 ./system/src/diag/trace_impl.o
 .debug_ranges  0x0000000000000d30       0x18 ./system/src/cortexm/_initialize_hardware.o
 .debug_ranges  0x0000000000000d48       0x78 ./system/src/cortexm/exception_handlers.o
 .debug_ranges  0x0000000000000dc0       0x18 ./system/src/CMSIS/system_stm32f4xx.o
 .debug_ranges  0x0000000000000dd8       0x10 ./system/src/CMSIS/vectors_stm32f407xx.o
 .debug_ranges  0x0000000000000de8       0x70 ./src/boardComponents/cs43l22.o
 .debug_ranges  0x0000000000000e58       0xc8 ./src/BSP/stm32f4_discovery.o
 .debug_ranges  0x0000000000000f20      0x110 ./src/BSP/stm32f4_discovery_audio.o
 .debug_ranges  0x0000000000001030       0x28 ./src/Timer.o
 .debug_ranges  0x0000000000001058       0x18 ./src/_initialize_hardware.o
 .debug_ranges  0x0000000000001070      0x110 ./src/main.o
 .debug_ranges  0x0000000000001180       0x48 ./src/stm32f4xx_hal_msp.o

.debug_macro    0x0000000000000000    0x1f4bc
 .debug_macro   0x0000000000000000      0x541 ./system/src/stm32f4-hal/stm32f4xx_hal.o
 .debug_macro   0x0000000000000541      0x8c8 ./system/src/stm32f4-hal/stm32f4xx_hal.o
 .debug_macro   0x0000000000000e09      0x283 ./system/src/stm32f4-hal/stm32f4xx_hal.o
 .debug_macro   0x000000000000108c       0x2e ./system/src/stm32f4-hal/stm32f4xx_hal.o
 .debug_macro   0x00000000000010ba       0x28 ./system/src/stm32f4-hal/stm32f4xx_hal.o
 .debug_macro   0x00000000000010e2      0x34e ./system/src/stm32f4-hal/stm32f4xx_hal.o
 .debug_macro   0x0000000000001430       0x35 ./system/src/stm32f4-hal/stm32f4xx_hal.o
 .debug_macro   0x0000000000001465       0x50 ./system/src/stm32f4-hal/stm32f4xx_hal.o
 .debug_macro   0x00000000000014b5      0xe66 ./system/src/stm32f4-hal/stm32f4xx_hal.o
 .debug_macro   0x000000000000231b     0x929b ./system/src/stm32f4-hal/stm32f4xx_hal.o
 .debug_macro   0x000000000000b5b6       0x43 ./system/src/stm32f4-hal/stm32f4xx_hal.o
 .debug_macro   0x000000000000b5f9     0x33a6 ./system/src/stm32f4-hal/stm32f4xx_hal.o
 .debug_macro   0x000000000000e99f       0x22 ./system/src/stm32f4-hal/stm32f4xx_hal.o
 .debug_macro   0x000000000000e9c1       0x52 ./system/src/stm32f4-hal/stm32f4xx_hal.o
 .debug_macro   0x000000000000ea13       0x8d ./system/src/stm32f4-hal/stm32f4xx_hal.o
 .debug_macro   0x000000000000eaa0       0x35 ./system/src/stm32f4-hal/stm32f4xx_hal.o
 .debug_macro   0x000000000000ead5       0x9c ./system/src/stm32f4-hal/stm32f4xx_hal.o
 .debug_macro   0x000000000000eb71       0x16 ./system/src/stm32f4-hal/stm32f4xx_hal.o
 .debug_macro   0x000000000000eb87       0x57 ./system/src/stm32f4-hal/stm32f4xx_hal.o
 .debug_macro   0x000000000000ebde       0x97 ./system/src/stm32f4-hal/stm32f4xx_hal.o
 .debug_macro   0x000000000000ec75      0x330 ./system/src/stm32f4-hal/stm32f4xx_hal.o
 .debug_macro   0x000000000000efa5       0xfd ./system/src/stm32f4-hal/stm32f4xx_hal.o
 .debug_macro   0x000000000000f0a2       0x10 ./system/src/stm32f4-hal/stm32f4xx_hal.o
 .debug_macro   0x000000000000f0b2       0x58 ./system/src/stm32f4-hal/stm32f4xx_hal.o
 .debug_macro   0x000000000000f10a       0x1f ./system/src/stm32f4-hal/stm32f4xx_hal.o
 .debug_macro   0x000000000000f129       0x43 ./system/src/stm32f4-hal/stm32f4xx_hal.o
 .debug_macro   0x000000000000f16c       0x20 ./system/src/stm32f4-hal/stm32f4xx_hal.o
 .debug_macro   0x000000000000f18c      0x187 ./system/src/stm32f4-hal/stm32f4xx_hal.o
 .debug_macro   0x000000000000f313       0x10 ./system/src/stm32f4-hal/stm32f4xx_hal.o
 .debug_macro   0x000000000000f323       0x6a ./system/src/stm32f4-hal/stm32f4xx_hal.o
 .debug_macro   0x000000000000f38d       0x1c ./system/src/stm32f4-hal/stm32f4xx_hal.o
 .debug_macro   0x000000000000f3a9       0x52 ./system/src/stm32f4-hal/stm32f4xx_hal.o